<html>
<body>
<pre>
<h1>µVision Build Log</h1>
<h2>Tool Versions:</h2>
IDE-Version: µVision V5.36.0.0
Copyright (C) 2021 ARM Ltd and ARM Germany GmbH. All rights reserved.
License Information: 1 1, 1, LIC=IK1BF-6F0MU-LQT0Q-N4SBZ-ZDPAU-1MK4A
 
Tool Versions:
Toolchain:       MDK-ARM Plus  Version: 5.36.0.0
Toolchain Path:  C:\Keil_v5\ARM\ARMCC\Bin
C Compiler:      Armcc.exe V5.06 update 7 (build 960)
Assembler:       Armasm.exe V5.06 update 7 (build 960)
Linker/Locator:  ArmLink.exe V5.06 update 7 (build 960)
Library Manager: ArmAr.exe V5.06 update 7 (build 960)
Hex Converter:   FromElf.exe V5.06 update 7 (build 960)
CPU DLL:         SARMCM3.DLL V5.36.0.0
Dialog DLL:      DCM.DLL V1.17.3.0
Target DLL:      STLink\ST-LINKIII-KEIL_SWO.dll V3.0.9.0
Dialog DLL:      TCM.DLL V1.53.0.0
 
<h2>Project:</h2>
D:\Shevchenko programmnig\STM32F407VGT\Ethernet_1.2\MDK-ARM\Ethernet_1.2.uvprojx
Project File Date:  07/25/2025

<h2>Output:</h2>
*** Using Compiler 'V5.06 update 7 (build 960)', folder: 'C:\Keil_v5\ARM\ARMCC\Bin'
Rebuild target 'Ethernet_1.2'
assembling startup_stm32f407xx.s...
compiling lan8742.c...
compiling gpio.c...
compiling stm32f4xx_hal_msp.c...
compiling stm32f4xx_it.c...
compiling ethernetif.c...
compiling stm32f4xx_hal_rcc.c...
compiling lwip.c...
compiling main.c...
compiling stm32f4xx_hal_flash.c...
compiling stm32f4xx_hal_flash_ex.c...
compiling stm32f4xx_hal_rcc_ex.c...
compiling stm32f4xx_hal_flash_ramfunc.c...
compiling stm32f4xx_hal_dma.c...
compiling stm32f4xx_hal_gpio.c...
compiling stm32f4xx_hal_dma_ex.c...
compiling stm32f4xx_hal_tim.c...
compiling stm32f4xx_hal.c...
compiling stm32f4xx_hal_exti.c...
compiling stm32f4xx_hal_pwr.c...
compiling stm32f4xx_hal_cortex.c...
compiling stm32f4xx_hal_pwr_ex.c...
compiling stm32f4xx_hal_eth.c...
compiling stm32f4xx_hal_tim_ex.c...
compiling system_stm32f4xx.c...
compiling chap-md5.c...
compiling chap_ms.c...
compiling ccp.c...
compiling auth.c...
compiling chap-new.c...
compiling demand.c...
compiling fsm.c...
compiling lcp.c...
compiling eui64.c...
compiling eap.c...
compiling ipcp.c...
compiling ipv6cp.c...
compiling multilink.c...
compiling pppoe.c...
compiling mppe.c...
compiling pppapi.c...
compiling ppp.c...
compiling pppcrypt.c...
compiling magic.c...
compiling upap.c...
compiling pppol2tp.c...
compiling pppos.c...
compiling utils.c...
compiling vj.c...
compiling bridgeif.c...
compiling bridgeif_fdb.c...
compiling zepif.c...
compiling lowpan6_ble.c...
compiling lowpan6.c...
compiling ecp.c...
compiling lowpan6_common.c...
compiling ethernet.c...
compiling slipif.c...
compiling netbuf.c...
compiling api_lib.c...
compiling api_msg.c...
compiling netdb.c...
compiling netifapi.c...
compiling if_api.c...
compiling err.c...
compiling altcp.c...
compiling dns.c...
compiling altcp_tcp.c...
compiling tcpip.c...
compiling sockets.c...
compiling altcp_alloc.c...
compiling def.c...
compiling inet_chksum.c...
compiling mem.c...
compiling ip.c...
compiling init.c...
compiling memp.c...
compiling netif.c...
compiling pbuf.c...
compiling stats.c...
compiling raw.c...
compiling sys.c...
compiling tcp_in.c...
compiling timeouts.c...
compiling tcp.c...
compiling tcp_out.c...
compiling igmp.c...
compiling dhcp.c...
compiling autoip.c...
compiling etharp.c...
compiling udp.c...
compiling icmp.c...
compiling ip4.c...
compiling inet6.c...
compiling ethip6.c...
compiling icmp6.c...
compiling ip6.c...
compiling ip4_addr.c...
compiling dhcp6.c...
compiling ip4_frag.c...
compiling nd6.c...
compiling ip6_addr.c...
compiling mld6.c...
compiling ip6_frag.c...
compiling mqtt.c...
linking...
Program Size: Code=46936 RO-data=996 RW-data=244 ZI-data=48620  
FromELF: creating hex file...
"Ethernet_1.2\Ethernet_1.2" - 0 Error(s), 0 Warning(s).

<h2>Software Packages used:</h2>

Package Vendor: ARM
                http://www.keil.com/pack/ARM.CMSIS.5.8.0.pack
                ARM.CMSIS.5.8.0
                CMSIS (Common Microcontroller Software Interface Standard)
   * Component: CORE Version: 5.5.0

Package Vendor: Keil
                http://www.keil.com/pack/Keil.STM32F4xx_DFP.2.15.0.pack
                Keil.STM32F4xx_DFP.2.15.0
                STMicroelectronics STM32F4 Series Device Support, Drivers and Examples

<h2>Collection of Component include folders:</h2>
  .\RTE\_Ethernet_1.2
  C:\Users\n.shevchenko\AppData\Local\Arm\Packs\ARM\CMSIS\5.8.0\CMSIS\Core\Include
  C:\Users\n.shevchenko\AppData\Local\Arm\Packs\Keil\STM32F4xx_DFP\2.15.0\Drivers\CMSIS\Device\ST\STM32F4xx\Include

<h2>Collection of Component Files used:</h2>

   * Component: ARM::CMSIS:CORE:5.5.0
      Include file:  CMSIS\Core\Include\tz_context.h
Build Time Elapsed:  00:02:21
</pre>
</body>
</html>
