Component: ARM Compiler 5.06 update 7 (build 960) Tool: armlink [4d3601]

==============================================================================

Section Cross References

    startup_stm32f407xx.o(RESET) refers to startup_stm32f407xx.o(STACK) for __initial_sp
    startup_stm32f407xx.o(RESET) refers to startup_stm32f407xx.o(.text) for Reset_Handler
    startup_stm32f407xx.o(RESET) refers to stm32f4xx_it.o(i.NMI_Handler) for NMI_Handler
    startup_stm32f407xx.o(RESET) refers to stm32f4xx_it.o(i.HardFault_Handler) for HardFault_Handler
    startup_stm32f407xx.o(RESET) refers to stm32f4xx_it.o(i.MemManage_Handler) for MemManage_Handler
    startup_stm32f407xx.o(RESET) refers to stm32f4xx_it.o(i.BusFault_Handler) for BusFault_Handler
    startup_stm32f407xx.o(RESET) refers to stm32f4xx_it.o(i.UsageFault_Handler) for UsageFault_Handler
    startup_stm32f407xx.o(RESET) refers to stm32f4xx_it.o(i.SVC_Handler) for SVC_Handler
    startup_stm32f407xx.o(RESET) refers to stm32f4xx_it.o(i.DebugMon_Handler) for DebugMon_Handler
    startup_stm32f407xx.o(RESET) refers to stm32f4xx_it.o(i.PendSV_Handler) for PendSV_Handler
    startup_stm32f407xx.o(RESET) refers to stm32f4xx_it.o(i.SysTick_Handler) for SysTick_Handler
    startup_stm32f407xx.o(.text) refers to system_stm32f4xx.o(i.SystemInit) for SystemInit
    startup_stm32f407xx.o(.text) refers to entry.o(.ARM.Collect$$$$00000000) for __main
    main.o(i.SystemClock_Config) refers to memseta.o(.text) for __aeabi_memclr4
    main.o(i.SystemClock_Config) refers to stm32f4xx_hal_rcc.o(i.HAL_RCC_OscConfig) for HAL_RCC_OscConfig
    main.o(i.SystemClock_Config) refers to main.o(i.Error_Handler) for Error_Handler
    main.o(i.SystemClock_Config) refers to stm32f4xx_hal_rcc.o(i.HAL_RCC_ClockConfig) for HAL_RCC_ClockConfig
    main.o(i.main) refers to stm32f4xx_hal.o(i.HAL_Init) for HAL_Init
    main.o(i.main) refers to main.o(i.SystemClock_Config) for SystemClock_Config
    main.o(i.main) refers to gpio.o(i.MX_GPIO_Init) for MX_GPIO_Init
    main.o(i.main) refers to lwip.o(i.MX_LWIP_Init) for MX_LWIP_Init
    main.o(i.main) refers to lwip.o(i.MX_LWIP_Process) for MX_LWIP_Process
    gpio.o(i.MX_GPIO_Init) refers to memseta.o(.text) for __aeabi_memclr4
    gpio.o(i.MX_GPIO_Init) refers to stm32f4xx_hal_gpio.o(i.HAL_GPIO_WritePin) for HAL_GPIO_WritePin
    gpio.o(i.MX_GPIO_Init) refers to stm32f4xx_hal_gpio.o(i.HAL_GPIO_Init) for HAL_GPIO_Init
    stm32f4xx_it.o(i.SysTick_Handler) refers to stm32f4xx_hal.o(i.HAL_IncTick) for HAL_IncTick
    ethernetif.o(i.ETH_PHY_IO_GetTick) refers to stm32f4xx_hal.o(i.HAL_GetTick) for HAL_GetTick
    ethernetif.o(i.ETH_PHY_IO_Init) refers to stm32f4xx_hal_eth.o(i.HAL_ETH_SetMDIOClockRange) for HAL_ETH_SetMDIOClockRange
    ethernetif.o(i.ETH_PHY_IO_Init) refers to ethernetif.o(.bss) for .bss
    ethernetif.o(i.ETH_PHY_IO_ReadReg) refers to stm32f4xx_hal_eth.o(i.HAL_ETH_ReadPHYRegister) for HAL_ETH_ReadPHYRegister
    ethernetif.o(i.ETH_PHY_IO_ReadReg) refers to ethernetif.o(.bss) for .bss
    ethernetif.o(i.ETH_PHY_IO_WriteReg) refers to stm32f4xx_hal_eth.o(i.HAL_ETH_WritePHYRegister) for HAL_ETH_WritePHYRegister
    ethernetif.o(i.ETH_PHY_IO_WriteReg) refers to ethernetif.o(.bss) for .bss
    ethernetif.o(i.HAL_ETH_MspDeInit) refers to stm32f4xx_hal_gpio.o(i.HAL_GPIO_DeInit) for HAL_GPIO_DeInit
    ethernetif.o(i.HAL_ETH_MspInit) refers to memseta.o(.text) for __aeabi_memclr4
    ethernetif.o(i.HAL_ETH_MspInit) refers to stm32f4xx_hal_gpio.o(i.HAL_GPIO_Init) for HAL_GPIO_Init
    ethernetif.o(i.HAL_ETH_RxAllocateCallback) refers to memp.o(i.memp_malloc_pool) for memp_malloc_pool
    ethernetif.o(i.HAL_ETH_RxAllocateCallback) refers to pbuf.o(i.pbuf_alloced_custom) for pbuf_alloced_custom
    ethernetif.o(i.HAL_ETH_RxAllocateCallback) refers to ethernetif.o(.constdata) for .constdata
    ethernetif.o(i.HAL_ETH_RxAllocateCallback) refers to ethernetif.o(i.pbuf_free_custom) for pbuf_free_custom
    ethernetif.o(i.HAL_ETH_RxAllocateCallback) refers to ethernetif.o(.data) for .data
    ethernetif.o(i.HAL_ETH_TxFreeCallback) refers to pbuf.o(i.pbuf_free) for pbuf_free
    ethernetif.o(i.ethernet_link_check_state) refers to memseta.o(.text) for __aeabi_memclr4
    ethernetif.o(i.ethernet_link_check_state) refers to lan8742.o(i.LAN8742_GetLinkState) for LAN8742_GetLinkState
    ethernetif.o(i.ethernet_link_check_state) refers to stm32f4xx_hal_eth.o(i.HAL_ETH_Stop) for HAL_ETH_Stop
    ethernetif.o(i.ethernet_link_check_state) refers to netif.o(i.netif_set_down) for netif_set_down
    ethernetif.o(i.ethernet_link_check_state) refers to netif.o(i.netif_set_link_down) for netif_set_link_down
    ethernetif.o(i.ethernet_link_check_state) refers to stm32f4xx_hal_eth.o(i.HAL_ETH_GetMACConfig) for HAL_ETH_GetMACConfig
    ethernetif.o(i.ethernet_link_check_state) refers to stm32f4xx_hal_eth.o(i.HAL_ETH_SetMACConfig) for HAL_ETH_SetMACConfig
[...]
    i.tcp_seg_copy                           0x0800a6a8   Section        0  tcp.o(i.tcp_seg_copy)
    i.tcp_seg_free                           0x0800a754   Section        0  tcp.o(i.tcp_seg_free)
    i.tcp_segs_free                          0x0800a772   Section        0  tcp.o(i.tcp_segs_free)
    i.tcp_send_empty_ack                     0x0800a784   Section        0  tcp_out.o(i.tcp_send_empty_ack)
    i.tcp_send_fin                           0x0800a874   Section        0  tcp_out.o(i.tcp_send_fin)
    i.tcp_slowtmr                            0x0800a944   Section        0  tcp.o(i.tcp_slowtmr)
    i.tcp_split_unsent_seg                   0x0800af44   Section        0  tcp_out.o(i.tcp_split_unsent_seg)
    i.tcp_timer_needed                       0x0800b17c   Section        0  timeouts.o(i.tcp_timer_needed)
    i.tcp_timewait_input                     0x0800b1b0   Section        0  tcp_in.o(i.tcp_timewait_input)
    tcp_timewait_input                       0x0800b1b1   Thumb Code   118  tcp_in.o(i.tcp_timewait_input)
    i.tcp_tmr                                0x0800b2b0   Section        0  tcp.o(i.tcp_tmr)
    i.tcp_trigger_input_pcb_close            0x0800b2d0   Section        0  tcp_in.o(i.tcp_trigger_input_pcb_close)
    i.tcp_update_rcv_ann_wnd                 0x0800b2e0   Section        0  tcp.o(i.tcp_update_rcv_ann_wnd)
    i.tcp_zero_window_probe                  0x0800b3d8   Section        0  tcp_out.o(i.tcp_zero_window_probe)
    i.tcpip_tcp_timer                        0x0800b528   Section        0  timeouts.o(i.tcpip_tcp_timer)
    tcpip_tcp_timer                          0x0800b529   Thumb Code    40  timeouts.o(i.tcpip_tcp_timer)
    i.udp_init                               0x0800b560   Section        0  udp.o(i.udp_init)
    i.udp_input                              0x0800b578   Section        0  udp.o(i.udp_input)
    i.udp_input_local_match                  0x0800b794   Section        0  udp.o(i.udp_input_local_match)
    udp_input_local_match                    0x0800b795   Thumb Code   112  udp.o(i.udp_input_local_match)
    i.udp_netif_ip_addr_changed              0x0800b8ac   Section        0  udp.o(i.udp_netif_ip_addr_changed)
    .constdata                               0x0800b8e0   Section       12  ethernetif.o(.constdata)
    .constdata                               0x0800b8ec   Section       16  system_stm32f4xx.o(.constdata)
    .constdata                               0x0800b8fc   Section        6  ethernet.o(.constdata)
    .constdata                               0x0800b902   Section        6  ethernet.o(.constdata)
    .constdata                               0x0800b908   Section       12  memp.o(.constdata)
    .constdata                               0x0800b914   Section       12  memp.o(.constdata)
    .constdata                               0x0800b920   Section       12  memp.o(.constdata)
    .constdata                               0x0800b92c   Section       12  memp.o(.constdata)
    .constdata                               0x0800b938   Section       12  memp.o(.constdata)
    .constdata                               0x0800b944   Section       12  memp.o(.constdata)
    .constdata                               0x0800b950   Section       12  memp.o(.constdata)
    .constdata                               0x0800b95c   Section       12  memp.o(.constdata)
    .constdata                               0x0800b968   Section       12  memp.o(.constdata)
    .constdata                               0x0800b974   Section       36  memp.o(.constdata)
    .constdata                               0x0800b998   Section       84  tcp.o(.constdata)
    tcp_persist_backoff                      0x0800b998   Data           7  tcp.o(.constdata)
    tcp_state_str                            0x0800b9a0   Data          44  tcp.o(.constdata)
    tcp_backoff                              0x0800b9cc   Data          13  tcp.o(.constdata)
    .constdata                               0x0800b9ec   Section       24  timeouts.o(.constdata)
    .constdata                               0x0800ba04   Section        4  ip4_addr.o(.constdata)
    .conststring                             0x0800ba08   Section      117  tcp.o(.conststring)
    .conststring                             0x0800ba80   Section       85  tcp_out.o(.conststring)
    .conststring                             0x0800bad8   Section       65  etharp.o(.conststring)
    .data                                    0x20000000   Section       24  ethernetif.o(.data)
    RxAllocStatus                            0x20000000   Data           1  ethernetif.o(.data)
    .data                                    0x20000018   Section        4  ethernetif.o(.data)
    memp_tab_RX_POOL                         0x20000018   Data           4  ethernetif.o(.data)
    .data                                    0x2000001c   Section       28  lwip.o(.data)
    .data                                    0x20000038   Section       12  stm32f4xx_hal.o(.data)
    .data                                    0x20000044   Section        4  system_stm32f4xx.o(.data)
    .data                                    0x20000048   Section       12  mem.o(.data)
    ram                                      0x20000048   Data           4  mem.o(.data)
    ram_end                                  0x2000004c   Data           4  mem.o(.data)
    lfree                                    0x20000050   Data           4  mem.o(.data)
    .data                                    0x20000054   Section        4  memp.o(.data)
    memp_tab_UDP_PCB                         0x20000054   Data           4  memp.o(.data)
    .data                                    0x20000058   Section        4  memp.o(.data)
    memp_tab_TCP_PCB                         0x20000058   Data           4  memp.o(.data)
    .data                                    0x2000005c   Section        4  memp.o(.data)
    memp_tab_TCP_PCB_LISTEN                  0x2000005c   Data           4  memp.o(.data)
    .data                                    0x20000060   Section        4  memp.o(.data)
    memp_tab_TCP_SEG                         0x20000060   Data           4  memp.o(.data)
    .data                                    0x20000064   Section        4  memp.o(.data)
    memp_tab_REASSDATA                       0x20000064   Data           4  memp.o(.data)
    .data                                    0x20000068   Section        4  memp.o(.data)
    memp_tab_FRAG_PBUF                       0x20000068   Data           4  memp.o(.data)
    .data                                    0x2000006c   Section        4  memp.o(.data)
    memp_tab_SYS_TIMEOUT                     0x2000006c   Data           4  memp.o(.data)
    .data                                    0x20000070   Section        4  memp.o(.data)
    memp_tab_PBUF                            0x20000070   Data           4  memp.o(.data)
    .data                                    0x20000074   Section        4  memp.o(.data)
    memp_tab_PBUF_POOL                       0x20000074   Data           4  memp.o(.data)
    .data                                    0x20000078   Section       12  netif.o(.data)
    netif_num                                0x20000078   Data           1  netif.o(.data)
    .data                                    0x20000084   Section        1  pbuf.o(.data)
    .data                                    0x20000088   Section       32  tcp.o(.data)
    tcp_timer                                0x20000089   Data           1  tcp.o(.data)
    tcp_timer_ctr                            0x2000008a   Data           1  tcp.o(.data)
    tcp_port                                 0x2000008c   Data           2  tcp.o(.data)
    iss                                      0x20000090   Data           4  tcp.o(.data)
    .data                                    0x200000a8   Section       36  tcp_in.o(.data)
    flags                                    0x200000a8   Data           1  tcp_in.o(.data)
    recv_flags                               0x200000a9   Data           1  tcp_in.o(.data)
    tcphdr_optlen                            0x200000aa   Data           2  tcp_in.o(.data)
    tcphdr_opt1len                           0x200000ac   Data           2  tcp_in.o(.data)
    tcp_optidx                               0x200000ae   Data           2  tcp_in.o(.data)
    recv_acked                               0x200000b0   Data           2  tcp_in.o(.data)
    tcplen                                   0x200000b2   Data           2  tcp_in.o(.data)
    tcphdr                                   0x200000b4   Data           4  tcp_in.o(.data)
    tcphdr_opt2                              0x200000b8   Data           4  tcp_in.o(.data)
    seqno                                    0x200000bc   Data           4  tcp_in.o(.data)
    ackno                                    0x200000c0   Data           4  tcp_in.o(.data)
    recv_data                                0x200000c4   Data           4  tcp_in.o(.data)
    .data                                    0x200000cc   Section       12  timeouts.o(.data)
    next_timeout                             0x200000cc   Data           4  timeouts.o(.data)
    current_timeout_due_time                 0x200000d0   Data           4  timeouts.o(.data)
    tcpip_tcp_timer_active                   0x200000d4   Data           4  timeouts.o(.data)
    .data                                    0x200000d8   Section        8  udp.o(.data)
    udp_port                                 0x200000d8   Data           2  udp.o(.data)
    .data                                    0x200000e0   Section        1  etharp.o(.data)
    etharp_cached_entry                      0x200000e0   Data           1  etharp.o(.data)
    .data                                    0x200000e2   Section        2  ip4.o(.data)
    ip_id                                    0x200000e2   Data           2  ip4.o(.data)
    .data                                    0x200000e4   Section        8  ip4_frag.o(.data)
    ip_reass_pbufcount                       0x200000e4   Data           2  ip4_frag.o(.data)
    reassdatagrams                           0x200000e8   Data           4  ip4_frag.o(.data)
    .data                                    0x200000ec   Section        4  rand.o(.data)
    _rand_state                              0x200000ec   Data           4  rand.o(.data)
    .data                                    0x200000f0   Section        4  stdout.o(.data)
    .bss                                     0x200000f4   Section    18819  ethernetif.o(.bss)
    .bss                                     0x20004a78   Section      584  ethernetif.o(.bss)
    .bss                                     0x20004cc0   Section       52  lwip.o(.bss)
    .bss                                     0x20004cf4   Section       24  ip.o(.bss)
    .bss                                     0x20004d0c   Section     1619  mem.o(.bss)
    .bss                                     0x2000535f   Section      131  memp.o(.bss)
    .bss                                     0x200053e2   Section      783  memp.o(.bss)
    .bss                                     0x200056f1   Section      227  memp.o(.bss)
    .bss                                     0x200057d4   Section      387  memp.o(.bss)
    .bss                                     0x20005957   Section      163  memp.o(.bss)
    .bss                                     0x200059fa   Section      363  memp.o(.bss)
    .bss                                     0x20005b65   Section       51  memp.o(.bss)
    .bss                                     0x20005b98   Section      259  memp.o(.bss)
    .bss                                     0x20005c9b   Section     8515  memp.o(.bss)
    .bss                                     0x20007de0   Section       16  tcp_in.o(.bss)
    inseg                                    0x20007de0   Data          16  tcp_in.o(.bss)
    .bss                                     0x20007df0   Section      240  etharp.o(.bss)
    arp_table                                0x20007df0   Data         240  etharp.o(.bss)
    STACK                                    0x20007ee0   Section    16384  startup_stm32f407xx.o(STACK)

    Global Symbols

    Symbol Name                              Value     Ov Type        Size  Object(Section)

    BuildAttributes$$THM_ISAv4$E$P$D$K$B$S$7EM$VFPi3$EXTD16$VFPS$VFMA$PE$A:L22UL41UL21$X:L11$S22US41US21$IEEE1$IW$USESV6$~STKCKD$USESV7$~SHL$OSPACE$ROPI$EBA8$MICROLIB$REQ8$PRES8$EABIv2 0x00000000   Number         0  anon$$obj.o ABSOLUTE
    __ARM_use_no_argv                        0x00000000   Number         0  main.o ABSOLUTE
    _printf_a                                0x00000000   Number         0  stubs.o ABSOLUTE
    _printf_c                                0x00000000   Number         0  stubs.o ABSOLUTE
    _printf_charcount                        0x00000000   Number         0  stubs.o ABSOLUTE
    _printf_d                                0x00000000   Number         0  stubs.o ABSOLUTE
    _printf_e                                0x00000000   Number         0  stubs.o ABSOLUTE
    _printf_f                                0x00000000   Number         0  stubs.o ABSOLUTE
    _printf_flags                            0x00000000   Number         0  stubs.o ABSOLUTE
    _printf_fp_dec                           0x00000000   Number         0  stubs.o ABSOLUTE
    _printf_fp_hex                           0x00000000   Number         0  stubs.o ABSOLUTE
    _printf_g                                0x00000000   Number         0  stubs.o ABSOLUTE
    _printf_i                                0x00000000   Number         0  stubs.o ABSOLUTE
    _printf_int_dec                          0x00000000   Number         0  stubs.o ABSOLUTE
    _printf_l                                0x00000000   Number         0  stubs.o ABSOLUTE
    _printf_lc                               0x00000000   Number         0  stubs.o ABSOLUTE
    _printf_ll                               0x00000000   Number         0  stubs.o ABSOLUTE
    _printf_lld                              0x00000000   Number         0  stubs.o ABSOLUTE
    _printf_lli                              0x00000000   Number         0  stubs.o ABSOLUTE
    _printf_llo                              0x00000000   Number         0  stubs.o ABSOLUTE
    _printf_llu                              0x00000000   Number         0  stubs.o ABSOLUTE
    _printf_llx                              0x00000000   Number         0  stubs.o ABSOLUTE
    _printf_longlong_dec                     0x00000000   Number         0  stubs.o ABSOLUTE
    _printf_longlong_hex                     0x00000000   Number         0  stubs.o ABSOLUTE
    _printf_longlong_oct                     0x00000000   Number         0  stubs.o ABSOLUTE
    _printf_ls                               0x00000000   Number         0  stubs.o ABSOLUTE
    _printf_mbtowc                           0x00000000   Number         0  stubs.o ABSOLUTE
    _printf_n                                0x00000000   Number         0  stubs.o ABSOLUTE
    _printf_o                                0x00000000   Number         0  stubs.o ABSOLUTE
    _printf_p                                0x00000000   Number         0  stubs.o ABSOLUTE
    _printf_percent                          0x00000000   Number         0  stubs.o ABSOLUTE
    _printf_pre_padding                      0x00000000   Number         0  stubs.o ABSOLUTE
    _printf_return_value                     0x00000000   Number         0  stubs.o ABSOLUTE
    _printf_s                                0x00000000   Number         0  stubs.o ABSOLUTE
    _printf_sizespec                         0x00000000   Number         0  stubs.o ABSOLUTE
    _printf_str                              0x00000000   Number         0  stubs.o ABSOLUTE
    _printf_truncate_signed                  0x00000000   Number         0  stubs.o ABSOLUTE
    _printf_truncate_unsigned                0x00000000   Number         0  stubs.o ABSOLUTE
    _printf_u                                0x00000000   Number         0  stubs.o ABSOLUTE
    _printf_wc                               0x00000000   Number         0  stubs.o ABSOLUTE
    _printf_wctomb                           0x00000000   Number         0  stubs.o ABSOLUTE
    _printf_widthprec                        0x00000000   Number         0  stubs.o ABSOLUTE
    _printf_x                                0x00000000   Number         0  stubs.o ABSOLUTE
    __arm_fini_                               - Undefined Weak Reference
    __cpp_initialize__aeabi_                  - Undefined Weak Reference
    __cxa_finalize                            - Undefined Weak Reference
    __decompress                              - Undefined Weak Reference
    _clock_init                               - Undefined Weak Reference
    _microlib_exit                            - Undefined Weak Reference
    __Vectors_Size                           0x00000188   Number         0  startup_stm32f407xx.o ABSOLUTE
    __Vectors                                0x08000000   Data           4  startup_stm32f407xx.o(RESET)
    __Vectors_End                            0x08000188   Data           0  startup_stm32f407xx.o(RESET)
    __main                                   0x08000189   Thumb Code     0  entry.o(.ARM.Collect$$$$00000000)
    _main_stk                                0x08000189   Thumb Code     0  entry2.o(.ARM.Collect$$$$00000001)
    _main_scatterload                        0x0800018d   Thumb Code     0  entry5.o(.ARM.Collect$$$$00000004)
    __main_after_scatterload                 0x08000191   Thumb Code     0  entry5.o(.ARM.Collect$$$$00000004)
    _main_clock                              0x08000191   Thumb Code     0  entry7b.o(.ARM.Collect$$$$00000008)
    _main_cpp_init                           0x08000191   Thumb Code     0  entry8b.o(.ARM.Collect$$$$0000000A)
    _main_init                               0x08000191   Thumb Code     0  entry9a.o(.ARM.Collect$$$$0000000B)
    __rt_lib_shutdown_fini                   0x08000199   Thumb Code     0  entry12b.o(.ARM.Collect$$$$0000000E)
    __rt_final_cpp                           0x0800019d   Thumb Code     0  entry10a.o(.ARM.Collect$$$$0000000F)
    __rt_final_exit                          0x0800019d   Thumb Code     0  entry11a.o(.ARM.Collect$$$$00000011)
    Reset_Handler                            0x080001a1   Thumb Code     8  startup_stm32f407xx.o(.text)
    ADC_IRQHandler                           0x080001bb   Thumb Code     0  startup_stm32f407xx.o(.text)
    CAN1_RX0_IRQHandler                      0x080001bb   Thumb Code     0  startup_stm32f407xx.o(.text)
    CAN1_RX1_IRQHandler                      0x080001bb   Thumb Code     0  startup_stm32f407xx.o(.text)
    CAN1_SCE_IRQHandler                      0x080001bb   Thumb Code     0  startup_stm32f407xx.o(.text)
    CAN1_TX_IRQHandler                       0x080001bb   Thumb Code     0  startup_stm32f407xx.o(.text)
    CAN2_RX0_IRQHandler                      0x080001bb   Thumb Code     0  startup_stm32f407xx.o(.text)
    CAN2_RX1_IRQHandler                      0x080001bb   Thumb Code     0  startup_stm32f407xx.o(.text)
    CAN2_SCE_IRQHandler                      0x080001bb   Thumb Code     0  startup_stm32f407xx.o(.text)
    CAN2_TX_IRQHandler                       0x080001bb   Thumb Code     0  startup_stm32f407xx.o(.text)
    DCMI_IRQHandler                          0x080001bb   Thumb Code     0  startup_stm32f407xx.o(.text)
    DMA1_Stream0_IRQHandler                  0x080001bb   Thumb Code     0  startup_stm32f407xx.o(.text)
    DMA1_Stream1_IRQHandler                  0x080001bb   Thumb Code     0  startup_stm32f407xx.o(.text)
    DMA1_Stream2_IRQHandler                  0x080001bb   Thumb Code     0  startup_stm32f407xx.o(.text)
    DMA1_Stream3_IRQHandler                  0x080001bb   Thumb Code     0  startup_stm32f407xx.o(.text)
    DMA1_Stream4_IRQHandler                  0x080001bb   Thumb Code     0  startup_stm32f407xx.o(.text)
    DMA1_Stream5_IRQHandler                  0x080001bb   Thumb Code     0  startup_stm32f407xx.o(.text)
    DMA1_Stream6_IRQHandler                  0x080001bb   Thumb Code     0  startup_stm32f407xx.o(.text)
    DMA1_Stream7_IRQHandler                  0x080001bb   Thumb Code     0  startup_stm32f407xx.o(.text)
    DMA2_Stream0_IRQHandler                  0x080001bb   Thumb Code     0  startup_stm32f407xx.o(.text)
    DMA2_Stream1_IRQHandler                  0x080001bb   Thumb Code     0  startup_stm32f407xx.o(.text)
    DMA2_Stream2_IRQHandler                  0x080001bb   Thumb Code     0  startup_stm32f407xx.o(.text)
    DMA2_Stream3_IRQHandler                  0x080001bb   Thumb Code     0  startup_stm32f407xx.o(.text)
    DMA2_Stream4_IRQHandler                  0x080001bb   Thumb Code     0  startup_stm32f407xx.o(.text)
    DMA2_Stream5_IRQHandler                  0x080001bb   Thumb Code     0  startup_stm32f407xx.o(.text)
    DMA2_Stream6_IRQHandler                  0x080001bb   Thumb Code     0  startup_stm32f407xx.o(.text)
    DMA2_Stream7_IRQHandler                  0x080001bb   Thumb Code     0  startup_stm32f407xx.o(.text)
    ETH_IRQHandler                           0x080001bb   Thumb Code     0  startup_stm32f407xx.o(.text)
    ETH_WKUP_IRQHandler                      0x080001bb   Thumb Code     0  startup_stm32f407xx.o(.text)
    EXTI0_IRQHandler                         0x080001bb   Thumb Code     0  startup_stm32f407xx.o(.text)
    EXTI15_10_IRQHandler                     0x080001bb   Thumb Code     0  startup_stm32f407xx.o(.text)
    EXTI1_IRQHandler                         0x080001bb   Thumb Code     0  startup_stm32f407xx.o(.text)
    EXTI2_IRQHandler                         0x080001bb   Thumb Code     0  startup_stm32f407xx.o(.text)
    EXTI3_IRQHandler                         0x080001bb   Thumb Code     0  startup_stm32f407xx.o(.text)
    EXTI4_IRQHandler                         0x080001bb   Thumb Code     0  startup_stm32f407xx.o(.text)
    EXTI9_5_IRQHandler                       0x080001bb   Thumb Code     0  startup_stm32f407xx.o(.text)
    FLASH_IRQHandler                         0x080001bb   Thumb Code     0  startup_stm32f407xx.o(.text)
    FMC_IRQHandler                           0x080001bb   Thumb Code     0  startup_stm32f407xx.o(.text)
    FPU_IRQHandler                           0x080001bb   Thumb Code     0  startup_stm32f407xx.o(.text)
    HASH_RNG_IRQHandler                      0x080001bb   Thumb Code     0  startup_stm32f407xx.o(.text)
    I2C1_ER_IRQHandler                       0x080001bb   Thumb Code     0  startup_stm32f407xx.o(.text)
    I2C1_EV_IRQHandler                       0x080001bb   Thumb Code     0  startup_stm32f407xx.o(.text)
    I2C2_ER_IRQHandler                       0x080001bb   Thumb Code     0  startup_stm32f407xx.o(.text)
    I2C2_EV_IRQHandler                       0x080001bb   Thumb Code     0  startup_stm32f407xx.o(.text)
    I2C3_ER_IRQHandler                       0x080001bb   Thumb Code     0  startup_stm32f407xx.o(.text)
    I2C3_EV_IRQHandler                       0x080001bb   Thumb Code     0  startup_stm32f407xx.o(.text)
    OTG_FS_IRQHandler                        0x080001bb   Thumb Code     0  startup_stm32f407xx.o(.text)
    OTG_FS_WKUP_IRQHandler                   0x080001bb   Thumb Code     0  startup_stm32f407xx.o(.text)
    OTG_HS_EP1_IN_IRQHandler                 0x080001bb   Thumb Code     0  startup_stm32f407xx.o(.text)
    OTG_HS_EP1_OUT_IRQHandler                0x080001bb   Thumb Code     0  startup_stm32f407xx.o(.text)
    OTG_HS_IRQHandler                        0x080001bb   Thumb Code     0  startup_stm32f407xx.o(.text)
    OTG_HS_WKUP_IRQHandler                   0x080001bb   Thumb Code     0  startup_stm32f407xx.o(.text)
    PVD_IRQHandler                           0x080001bb   Thumb Code     0  startup_stm32f407xx.o(.text)
    RCC_IRQHandler                           0x080001bb   Thumb Code     0  startup_stm32f407xx.o(.text)
    RTC_Alarm_IRQHandler                     0x080001bb   Thumb Code     0  startup_stm32f407xx.o(.text)
    RTC_WKUP_IRQHandler                      0x080001bb   Thumb Code     0  startup_stm32f407xx.o(.text)
    SDIO_IRQHandler                          0x080001bb   Thumb Code     0  startup_stm32f407xx.o(.text)
    SPI1_IRQHandler                          0x080001bb   Thumb Code     0  startup_stm32f407xx.o(.text)
    SPI2_IRQHandler                          0x080001bb   Thumb Code     0  startup_stm32f407xx.o(.text)
    SPI3_IRQHandler                          0x080001bb   Thumb Code     0  startup_stm32f407xx.o(.text)
    TAMP_STAMP_IRQHandler                    0x080001bb   Thumb Code     0  startup_stm32f407xx.o(.text)
    TIM1_BRK_TIM9_IRQHandler                 0x080001bb   Thumb Code     0  startup_stm32f407xx.o(.text)
    TIM1_CC_IRQHandler                       0x080001bb   Thumb Code     0  startup_stm32f407xx.o(.text)
    TIM1_TRG_COM_TIM11_IRQHandler            0x080001bb   Thumb Code     0  startup_stm32f407xx.o(.text)
    TIM1_UP_TIM10_IRQHandler                 0x080001bb   Thumb Code     0  startup_stm32f407xx.o(.text)
    TIM2_IRQHandler                          0x080001bb   Thumb Code     0  startup_stm32f407xx.o(.text)
    TIM3_IRQHandler                          0x080001bb   Thumb Code     0  startup_stm32f407xx.o(.text)
    TIM4_IRQHandler                          0x080001bb   Thumb Code     0  startup_stm32f407xx.o(.text)
    TIM5_IRQHandler                          0x080001bb   Thumb Code     0  startup_stm32f407xx.o(.text)
    TIM6_DAC_IRQHandler                      0x080001bb   Thumb Code     0  startup_stm32f407xx.o(.text)
    TIM7_IRQHandler                          0x080001bb   Thumb Code     0  startup_stm32f407xx.o(.text)
    TIM8_BRK_TIM12_IRQHandler                0x080001bb   Thumb Code     0  startup_stm32f407xx.o(.text)
    TIM8_CC_IRQHandler                       0x080001bb   Thumb Code     0  startup_stm32f407xx.o(.text)
    TIM8_TRG_COM_TIM14_IRQHandler            0x080001bb   Thumb Code     0  startup_stm32f407xx.o(.text)
    TIM8_UP_TIM13_IRQHandler                 0x080001bb   Thumb Code     0  startup_stm32f407xx.o(.text)
    UART4_IRQHandler                         0x080001bb   Thumb Code     0  startup_stm32f407xx.o(.text)
    UART5_IRQHandler                         0x080001bb   Thumb Code     0  startup_stm32f407xx.o(.text)
    USART1_IRQHandler                        0x080001bb   Thumb Code     0  startup_stm32f407xx.o(.text)
    USART2_IRQHandler                        0x080001bb   Thumb Code     0  startup_stm32f407xx.o(.text)
    USART3_IRQHandler                        0x080001bb   Thumb Code     0  startup_stm32f407xx.o(.text)
    USART6_IRQHandler                        0x080001bb   Thumb Code     0  startup_stm32f407xx.o(.text)
    WWDG_IRQHandler                          0x080001bb   Thumb Code     0  startup_stm32f407xx.o(.text)
    __aeabi_uldivmod                         0x080001c5   Thumb Code    98  uldiv.o(.text)
    rand                                     0x08000229   Thumb Code    20  rand.o(.text)
    srand                                    0x0800023d   Thumb Code     6  rand.o(.text)
    ___aeabi_memcpy4$move                    0x0800024d   Thumb Code     0  memmovea.o(.text)
    ___aeabi_memcpy8$move                    0x0800024d   Thumb Code     0  memmovea.o(.text)
    __aeabi_memcpy                           0x0800024d   Thumb Code    64  memmovea.o(.text)
    __aeabi_memmove                          0x0800024d   Thumb Code     0  memmovea.o(.text)
    __aeabi_memmove4                         0x0800024d   Thumb Code     0  memmovea.o(.text)
    __aeabi_memmove8                         0x0800024d   Thumb Code     0  memmovea.o(.text)
    __aeabi_memset                           0x0800028d   Thumb Code    14  memseta.o(.text)
    __aeabi_memset4                          0x0800028d   Thumb Code     0  memseta.o(.text)
    __aeabi_memset8                          0x0800028d   Thumb Code     0  memseta.o(.text)
    __aeabi_memclr                           0x0800029b   Thumb Code     4  memseta.o(.text)
    __aeabi_memclr4                          0x0800029b   Thumb Code     0  memseta.o(.text)
    __aeabi_memclr8                          0x0800029b   Thumb Code     0  memseta.o(.text)
    _memset$wrapper                          0x0800029f   Thumb Code    18  memseta.o(.text)
    memcmp                                   0x080002b1   Thumb Code    26  memcmp.o(.text)
    __aeabi_uidiv                            0x080002cb   Thumb Code     0  uidiv.o(.text)
    __aeabi_uidivmod                         0x080002cb   Thumb Code    44  uidiv.o(.text)
    __aeabi_llsl                             0x080002f7   Thumb Code    30  llshl.o(.text)
    _ll_shift_l                              0x080002f7   Thumb Code     0  llshl.o(.text)
    __aeabi_llsr                             0x08000315   Thumb Code    32  llushr.o(.text)
    _ll_ushift_r                             0x08000315   Thumb Code     0  llushr.o(.text)
    __scatterload                            0x08000335   Thumb Code    28  init.o(.text)
    __scatterload_rt2                        0x08000335   Thumb Code     0  init.o(.text)
    BusFault_Handler                         0x08000359   Thumb Code     2  stm32f4xx_it.o(i.BusFault_Handler)
    __I$use$semihosting$fputc                0x08000359   Thumb Code     0  iusesemip.o(.text)
    __semihosting_library_function           0x08000359   Thumb Code     0  semi.o(.text)
    DebugMon_Handler                         0x0800035b   Thumb Code     2  stm32f4xx_it.o(i.DebugMon_Handler)
    ETH_PHY_IO_DeInit                        0x08000513   Thumb Code     4  ethernetif.o(i.ETH_PHY_IO_DeInit)
    ETH_PHY_IO_GetTick                       0x08000517   Thumb Code     4  ethernetif.o(i.ETH_PHY_IO_GetTick)
    ETH_PHY_IO_Init                          0x0800051d   Thumb Code    12  ethernetif.o(i.ETH_PHY_IO_Init)
    ETH_PHY_IO_ReadReg                       0x0800052d   Thumb Code    26  ethernetif.o(i.ETH_PHY_IO_ReadReg)
    ETH_PHY_IO_WriteReg                      0x0800054d   Thumb Code    26  ethernetif.o(i.ETH_PHY_IO_WriteReg)
    Error_Handler                            0x08000941   Thumb Code     4  main.o(i.Error_Handler)
    HAL_Delay                                0x0800096d   Thumb Code    32  stm32f4xx_hal.o(i.HAL_Delay)
    HAL_ETH_GetMACConfig                     0x08000991   Thumb Code   222  stm32f4xx_hal_eth.o(i.HAL_ETH_GetMACConfig)
    HAL_ETH_Init                             0x08000a71   Thumb Code   174  stm32f4xx_hal_eth.o(i.HAL_ETH_Init)
    HAL_ETH_MspInit                          0x08000b29   Thumb Code   194  ethernetif.o(i.HAL_ETH_MspInit)
    HAL_ETH_ReadData                         0x08000c01   Thumb Code   236  stm32f4xx_hal_eth.o(i.HAL_ETH_ReadData)
    HAL_ETH_ReadPHYRegister                  0x08000ced   Thumb Code    96  stm32f4xx_hal_eth.o(i.HAL_ETH_ReadPHYRegister)
    HAL_ETH_RxAllocateCallback               0x08000d4d   Thumb Code    58  ethernetif.o(i.HAL_ETH_RxAllocateCallback)
    HAL_ETH_RxLinkCallback                   0x08000d95   Thumb Code    46  ethernetif.o(i.HAL_ETH_RxLinkCallback)
    HAL_ETH_SetMACConfig                     0x08000dc3   Thumb Code    30  stm32f4xx_hal_eth.o(i.HAL_ETH_SetMACConfig)
    HAL_ETH_SetMDIOClockRange                0x08000de1   Thumb Code    84  stm32f4xx_hal_eth.o(i.HAL_ETH_SetMDIOClockRange)
    HAL_ETH_Start                            0x08000e55   Thumb Code   122  stm32f4xx_hal_eth.o(i.HAL_ETH_Start)
    HAL_ETH_Stop                             0x08000ecf   Thumb Code   114  stm32f4xx_hal_eth.o(i.HAL_ETH_Stop)
    HAL_ETH_Transmit                         0x08000f41   Thumb Code   196  stm32f4xx_hal_eth.o(i.HAL_ETH_Transmit)
    HAL_ETH_WritePHYRegister                 0x08001005   Thumb Code    88  stm32f4xx_hal_eth.o(i.HAL_ETH_WritePHYRegister)
    HAL_GPIO_Init                            0x0800105d   Thumb Code   420  stm32f4xx_hal_gpio.o(i.HAL_GPIO_Init)
    HAL_GPIO_WritePin                        0x0800122d   Thumb Code    14  stm32f4xx_hal_gpio.o(i.HAL_GPIO_WritePin)
    HAL_GetTick                              0x0800123d   Thumb Code     6  stm32f4xx_hal.o(i.HAL_GetTick)
    HAL_IncTick                              0x08001249   Thumb Code    12  stm32f4xx_hal.o(i.HAL_IncTick)
    HAL_Init                                 0x08001259   Thumb Code    48  stm32f4xx_hal.o(i.HAL_Init)
    HAL_InitTick                             0x0800128d   Thumb Code    58  stm32f4xx_hal.o(i.HAL_InitTick)
    HAL_MspInit                              0x080012d1   Thumb Code    42  stm32f4xx_hal_msp.o(i.HAL_MspInit)
    HAL_NVIC_SetPriority                     0x08001301   Thumb Code    60  stm32f4xx_hal_cortex.o(i.HAL_NVIC_SetPriority)
    HAL_NVIC_SetPriorityGrouping             0x08001341   Thumb Code    26  stm32f4xx_hal_cortex.o(i.HAL_NVIC_SetPriorityGrouping)
    HAL_RCC_ClockConfig                      0x08001365   Thumb Code   310  stm32f4xx_hal_rcc.o(i.HAL_RCC_ClockConfig)
    HAL_RCC_GetHCLKFreq                      0x080014b1   Thumb Code     6  stm32f4xx_hal_rcc.o(i.HAL_RCC_GetHCLKFreq)
    HAL_RCC_GetSysClockFreq                  0x080014bd   Thumb Code    94  stm32f4xx_hal_rcc.o(i.HAL_RCC_GetSysClockFreq)
    HAL_RCC_OscConfig                        0x08001529   Thumb Code   942  stm32f4xx_hal_rcc.o(i.HAL_RCC_OscConfig)
    HAL_SYSTICK_Config                       0x080018e9   Thumb Code    40  stm32f4xx_hal_cortex.o(i.HAL_SYSTICK_Config)
    HardFault_Handler                        0x08001911   Thumb Code     2  stm32f4xx_it.o(i.HardFault_Handler)
    LAN8742_GetLinkState                     0x08001913   Thumb Code   174  lan8742.o(i.LAN8742_GetLinkState)
    LAN8742_Init                             0x080019c1   Thumb Code   208  lan8742.o(i.LAN8742_Init)
    LAN8742_RegisterBusIO                    0x08001a91   Thumb Code    46  lan8742.o(i.LAN8742_RegisterBusIO)
    MX_GPIO_Init                             0x08001ac1   Thumb Code   118  gpio.o(i.MX_GPIO_Init)
    MX_LWIP_Init                             0x08001b41   Thumb Code   268  lwip.o(i.MX_LWIP_Init)
    MX_LWIP_Process                          0x08001c61   Thumb Code    22  lwip.o(i.MX_LWIP_Process)
    MemManage_Handler                        0x08001c7d   Thumb Code     2  stm32f4xx_it.o(i.MemManage_Handler)
    NMI_Handler                              0x08001c7f   Thumb Code     2  stm32f4xx_it.o(i.NMI_Handler)
    PendSV_Handler                           0x08001c81   Thumb Code     2  stm32f4xx_it.o(i.PendSV_Handler)
    SVC_Handler                              0x08001c83   Thumb Code     2  stm32f4xx_it.o(i.SVC_Handler)
    SysTick_Handler                          0x08001c85   Thumb Code     4  stm32f4xx_it.o(i.SysTick_Handler)
    SystemClock_Config                       0x08001c89   Thumb Code   142  main.o(i.SystemClock_Config)
    SystemInit                               0x08001d21   Thumb Code    12  system_stm32f4xx.o(i.SystemInit)
    UsageFault_Handler                       0x08001d31   Thumb Code     2  stm32f4xx_it.o(i.UsageFault_Handler)
    __0printf$3                              0x08001d35   Thumb Code    22  printf3.o(i.__0printf$3)
    __1printf$3                              0x08001d35   Thumb Code     0  printf3.o(i.__0printf$3)
    __2printf                                0x08001d35   Thumb Code     0  printf3.o(i.__0printf$3)
    __scatterload_copy                       0x08001d75   Thumb Code    14  handlers.o(i.__scatterload_copy)
    __scatterload_null                       0x08001d83   Thumb Code     2  handlers.o(i.__scatterload_null)
    __scatterload_zeroinit                   0x08001d85   Thumb Code    14  handlers.o(i.__scatterload_zeroinit)
    etharp_cleanup_netif                     0x0800208d   Thumb Code    40  etharp.o(i.etharp_cleanup_netif)
    etharp_input                             0x0800234d   Thumb Code   168  etharp.o(i.etharp_input)
    etharp_output                            0x08002465   Thumb Code   292  etharp.o(i.etharp_output)
    etharp_query                             0x08002739   Thumb Code   316  etharp.o(i.etharp_query)
    etharp_request                           0x08002aa5   Thumb Code     6  etharp.o(i.etharp_request)
    etharp_tmr                               0x08002ad1   Thumb Code    90  etharp.o(i.etharp_tmr)
    ethernet_input                           0x08002c4d   Thumb Code   164  ethernet.o(i.ethernet_input)
    ethernet_link_check_state                0x08002cf5   Thumb Code   166  ethernetif.o(i.ethernet_link_check_state)
    ethernet_output                          0x08002da5   Thumb Code    96  ethernet.o(i.ethernet_output)
    ethernetif_init                          0x08002e99   Thumb Code    52  ethernetif.o(i.ethernetif_init)
    ethernetif_input                         0x08002f29   Thumb Code    36  ethernetif.o(i.ethernetif_input)
    fputc                                    0x08002f4d   Thumb Code    18  fputc.o(i.fputc)
    icmp_dest_unreach                        0x08002f5f   Thumb Code     8  icmp.o(i.icmp_dest_unreach)
    icmp_input                               0x08002f69   Thumb Code   320  icmp.o(i.icmp_input)
    icmp_time_exceeded                       0x08003289   Thumb Code     8  icmp.o(i.icmp_time_exceeded)
    ip4_addr_isbroadcast_u32                 0x08003291   Thumb Code    64  ip4_addr.o(i.ip4_addr_isbroadcast_u32)
    ip4_frag                                 0x080032d1   Thumb Code   446  ip4_frag.o(i.ip4_frag)
    ip4_input                                0x08003545   Thumb Code   400  ip4.o(i.ip4_input)
    ip4_output_if                            0x08003709   Thumb Code    34  ip4.o(i.ip4_output_if)
    ip4_output_if_src                        0x0800372d   Thumb Code   218  ip4.o(i.ip4_output_if_src)
    ip4_reass                                0x080038a9   Thumb Code   432  ip4_frag.o(i.ip4_reass)
    ip4_route                                0x08003afd   Thumb Code    88  ip4.o(i.ip4_route)
    ip_reass_tmr                             0x080041a1   Thumb Code    40  ip4_frag.o(i.ip_reass_tmr)
    lwip_htonl                               0x0800442d   Thumb Code    24  def.o(i.lwip_htonl)
    lwip_htons                               0x08004445   Thumb Code    10  def.o(i.lwip_htons)
    lwip_init                                0x0800444f   Thumb Code    30  init.o(i.lwip_init)
    main                                     0x0800446d   Thumb Code    22  main.o(i.main)
    mem_free                                 0x08004485   Thumb Code   140  mem.o(i.mem_free)
    mem_init                                 0x08004609   Thumb Code    46  mem.o(i.mem_init)
    mem_malloc                               0x08004691   Thumb Code   314  mem.o(i.mem_malloc)
    mem_trim                                 0x080048ed   Thumb Code   324  mem.o(i.mem_trim)
    memp_free                                0x08004ad9   Thumb Code    34  memp.o(i.memp_free)
    memp_free_pool                           0x08004b75   Thumb Code    46  memp.o(i.memp_free_pool)
    memp_init                                0x08004c11   Thumb Code    24  memp.o(i.memp_init)
    memp_init_pool                           0x08004c2d   Thumb Code    42  memp.o(i.memp_init_pool)
    memp_malloc                              0x08004c59   Thumb Code    38  memp.o(i.memp_malloc)
    memp_malloc_pool                         0x08004cfd   Thumb Code    38  memp.o(i.memp_malloc_pool)
    netif_add                                0x08004d91   Thumb Code   256  netif.o(i.netif_add)
    netif_get_by_index                       0x0800508d   Thumb Code    34  netif.o(i.netif_get_by_index)
    netif_init                               0x080050b5   Thumb Code     2  netif.o(i.netif_init)
    netif_set_addr                           0x08005181   Thumb Code    94  netif.o(i.netif_set_addr)
    netif_set_default                        0x080051e5   Thumb Code     6  netif.o(i.netif_set_default)
    netif_set_down                           0x080051f1   Thumb Code    44  netif.o(i.netif_set_down)
    netif_set_link_callback                  0x08005299   Thumb Code     8  netif.o(i.netif_set_link_callback)
    netif_set_link_down                      0x080052a1   Thumb Code    44  netif.o(i.netif_set_link_down)
    netif_set_link_up                        0x0800534d   Thumb Code    66  netif.o(i.netif_set_link_up)
    netif_set_up                             0x08005411   Thumb Code    42  netif.o(i.netif_set_up)
    pbuf_add_header                          0x080054b5   Thumb Code     6  pbuf.o(i.pbuf_add_header)
    pbuf_alloc                               0x0800558d   Thumb Code   310  pbuf.o(i.pbuf_alloc)
    pbuf_alloc_reference                     0x080057c9   Thumb Code    70  pbuf.o(i.pbuf_alloc_reference)
    pbuf_alloced_custom                      0x0800587d   Thumb Code    54  pbuf.o(i.pbuf_alloced_custom)
    pbuf_cat                                 0x080058b5   Thumb Code   100  pbuf.o(i.pbuf_cat)
    pbuf_clen                                0x080059e9   Thumb Code    18  pbuf.o(i.pbuf_clen)
    pbuf_clone                               0x080059fd   Thumb Code    52  pbuf.o(i.pbuf_clone)
    pbuf_copy                                0x08005a9d   Thumb Code   244  pbuf.o(i.pbuf_copy)
    pbuf_copy_partial                        0x08005c89   Thumb Code   134  pbuf.o(i.pbuf_copy_partial)
    pbuf_free                                0x08005dad   Thumb Code   168  pbuf.o(i.pbuf_free)
    pbuf_free_custom                         0x08005f09   Thumb Code    24  ethernetif.o(i.pbuf_free_custom)
    pbuf_free_ooseq                          0x08005f29   Thumb Code    28  pbuf.o(i.pbuf_free_ooseq)
    pbuf_header_force                        0x08005f4d   Thumb Code     6  pbuf.o(i.pbuf_header_force)
    pbuf_realloc                             0x08005f89   Thumb Code   144  pbuf.o(i.pbuf_realloc)
    pbuf_ref                                 0x080060bd   Thumb Code    32  pbuf.o(i.pbuf_ref)
    pbuf_remove_header                       0x08006149   Thumb Code    90  pbuf.o(i.pbuf_remove_header)
    sys_check_timeouts                       0x080063d5   Thumb Code    70  timeouts.o(i.sys_check_timeouts)
    sys_now                                  0x08006425   Thumb Code     4  ethernetif.o(i.sys_now)
    sys_timeout                              0x08006429   Thumb Code    46  timeouts.o(i.sys_timeout)
    sys_timeouts_init                        0x080065f1   Thumb Code    28  timeouts.o(i.sys_timeouts_init)
    tcp_abandon                              0x08006615   Thumb Code   258  tcp.o(i.tcp_abandon)
    tcp_abort                                0x080067c5   Thumb Code     6  tcp.o(i.tcp_abort)
    tcp_alloc                                0x080067cd   Thumb Code   160  tcp.o(i.tcp_alloc)
    tcp_close                                0x08006879   Thumb Code    50  tcp.o(i.tcp_close)
    tcp_eff_send_mss_netif                   0x08006d39   Thumb Code    58  tcp.o(i.tcp_eff_send_mss_netif)
    tcp_enqueue_flags                        0x08006df5   Thumb Code   292  tcp_out.o(i.tcp_enqueue_flags)
    tcp_fasttmr                              0x08007041   Thumb Code   102  tcp.o(i.tcp_fasttmr)
    tcp_free                                 0x080070ad   Thumb Code    34  tcp.o(i.tcp_free)
    tcp_free_ooseq                           0x08007319   Thumb Code    20  tcp.o(i.tcp_free_ooseq)
    tcp_init                                 0x0800737d   Thumb Code    20  tcp.o(i.tcp_init)
    tcp_input                                0x08007395   Thumb Code  1674  tcp_in.o(i.tcp_input)
    tcp_keepalive                            0x08007b15   Thumb Code    82  tcp_out.o(i.tcp_keepalive)
    tcp_netif_ip_addr_changed                0x08007f7d   Thumb Code    72  tcp.o(i.tcp_netif_ip_addr_changed)
    tcp_next_iss                             0x0800808d   Thumb Code    32  tcp.o(i.tcp_next_iss)
    tcp_output                               0x08008239   Thumb Code   576  tcp_out.o(i.tcp_output)
    tcp_pcb_purge                            0x08008c5d   Thumb Code    90  tcp.o(i.tcp_pcb_purge)
    tcp_pcb_remove                           0x08008d2d   Thumb Code   176  tcp.o(i.tcp_pcb_remove)
    tcp_process_refused_data                 0x0800944d   Thumb Code   138  tcp.o(i.tcp_process_refused_data)
    tcp_recv_null                            0x08009ee9   Thumb Code    62  tcp.o(i.tcp_recv_null)
    tcp_recved                               0x08009f9d   Thumb Code   106  tcp.o(i.tcp_recved)
    tcp_rexmit                               0x0800a14d   Thumb Code   124  tcp_out.o(i.tcp_rexmit)
    tcp_rexmit_fast                          0x0800a23d   Thumb Code   110  tcp_out.o(i.tcp_rexmit_fast)
    tcp_rexmit_rto                           0x0800a329   Thumb Code    44  tcp_out.o(i.tcp_rexmit_rto)
    tcp_rexmit_rto_commit                    0x0800a3cd   Thumb Code    46  tcp_out.o(i.tcp_rexmit_rto_commit)
    tcp_rexmit_rto_prepare                   0x0800a47d   Thumb Code   132  tcp_out.o(i.tcp_rexmit_rto_prepare)
    tcp_rst                                  0x0800a595   Thumb Code   128  tcp_out.o(i.tcp_rst)
    tcp_seg_copy                             0x0800a6a9   Thumb Code    56  tcp.o(i.tcp_seg_copy)
    tcp_seg_free                             0x0800a755   Thumb Code    30  tcp.o(i.tcp_seg_free)
    tcp_segs_free                            0x0800a773   Thumb Code    18  tcp.o(i.tcp_segs_free)
    tcp_send_empty_ack                       0x0800a785   Thumb Code   114  tcp_out.o(i.tcp_send_empty_ack)
    tcp_send_fin                             0x0800a875   Thumb Code    88  tcp_out.o(i.tcp_send_fin)
    tcp_slowtmr                              0x0800a945   Thumb Code  1406  tcp.o(i.tcp_slowtmr)
    tcp_split_unsent_seg                     0x0800af45   Thumb Code   370  tcp_out.o(i.tcp_split_unsent_seg)
    tcp_timer_needed                         0x0800b17d   Thumb Code    36  timeouts.o(i.tcp_timer_needed)
    tcp_tmr                                  0x0800b2b1   Thumb Code    28  tcp.o(i.tcp_tmr)
    tcp_trigger_input_pcb_close              0x0800b2d1   Thumb Code    12  tcp_in.o(i.tcp_trigger_input_pcb_close)
    tcp_update_rcv_ann_wnd                   0x0800b2e1   Thumb Code    94  tcp.o(i.tcp_update_rcv_ann_wnd)
    tcp_zero_window_probe                    0x0800b3d9   Thumb Code   206  tcp_out.o(i.tcp_zero_window_probe)
    udp_init                                 0x0800b561   Thumb Code    20  udp.o(i.udp_init)
    udp_input                                0x0800b579   Thumb Code   364  udp.o(i.udp_input)
    udp_netif_ip_addr_changed                0x0800b8ad   Thumb Code    48  udp.o(i.udp_netif_ip_addr_changed)
    memp_RX_POOL                             0x0800b8e0   Data          12  ethernetif.o(.constdata)
    AHBPrescTable                            0x0800b8ec   Data          16  system_stm32f4xx.o(.constdata)
    ethbroadcast                             0x0800b8fc   Data           6  ethernet.o(.constdata)
    ethzero                                  0x0800b902   Data           6  ethernet.o(.constdata)
    memp_UDP_PCB                             0x0800b908   Data          12  memp.o(.constdata)
    memp_TCP_PCB                             0x0800b914   Data          12  memp.o(.constdata)
    memp_TCP_PCB_LISTEN                      0x0800b920   Data          12  memp.o(.constdata)
    memp_TCP_SEG                             0x0800b92c   Data          12  memp.o(.constdata)
    memp_REASSDATA                           0x0800b938   Data          12  memp.o(.constdata)
    memp_FRAG_PBUF                           0x0800b944   Data          12  memp.o(.constdata)
    memp_SYS_TIMEOUT                         0x0800b950   Data          12  memp.o(.constdata)
    memp_PBUF                                0x0800b95c   Data          12  memp.o(.constdata)
    memp_PBUF_POOL                           0x0800b968   Data          12  memp.o(.constdata)
    memp_pools                               0x0800b974   Data          36  memp.o(.constdata)
    tcp_pcb_lists                            0x0800b9dc   Data          16  tcp.o(.constdata)
    lwip_cyclic_timers                       0x0800b9ec   Data          24  timeouts.o(.constdata)
    ip_addr_any                              0x0800ba04   Data           4  ip4_addr.o(.constdata)
    Region$$Table$$Base                      0x0800bb1c   Number         0  anon$$obj.o(Region$$Table)
    Region$$Table$$Limit                     0x0800bb3c   Number         0  anon$$obj.o(Region$$Table)
    LAN8742_IOCtx                            0x20000004   Data          20  ethernetif.o(.data)
    EthernetLinkTimer                        0x2000001c   Data           4  lwip.o(.data)
    ipaddr                                   0x20000020   Data           4  lwip.o(.data)
    netmask                                  0x20000024   Data           4  lwip.o(.data)
    gw                                       0x20000028   Data           4  lwip.o(.data)
    IP_ADDRESS                               0x2000002c   Data           4  lwip.o(.data)
    NETMASK_ADDRESS                          0x20000030   Data           4  lwip.o(.data)
    GATEWAY_ADDRESS                          0x20000034   Data           4  lwip.o(.data)
    uwTickFreq                               0x20000038   Data           1  stm32f4xx_hal.o(.data)
    uwTickPrio                               0x2000003c   Data           4  stm32f4xx_hal.o(.data)
    uwTick                                   0x20000040   Data           4  stm32f4xx_hal.o(.data)
    SystemCoreClock                          0x20000044   Data           4  system_stm32f4xx.o(.data)
    netif_list                               0x2000007c   Data           4  netif.o(.data)
    netif_default                            0x20000080   Data           4  netif.o(.data)
    pbuf_free_ooseq_pending                  0x20000084   Data           1  pbuf.o(.data)
    tcp_active_pcbs_changed                  0x20000088   Data           1  tcp.o(.data)
    tcp_ticks                                0x20000094   Data           4  tcp.o(.data)
    tcp_bound_pcbs                           0x20000098   Data           4  tcp.o(.data)
    tcp_listen_pcbs                          0x2000009c   Data           4  tcp.o(.data)
    tcp_active_pcbs                          0x200000a0   Data           4  tcp.o(.data)
    tcp_tw_pcbs                              0x200000a4   Data           4  tcp.o(.data)
    tcp_input_pcb                            0x200000c8   Data           4  tcp_in.o(.data)
    udp_pcbs                                 0x200000dc   Data           4  udp.o(.data)
    __stdout                                 0x200000f0   Data           4  stdout.o(.data)
    memp_memory_RX_POOL_base                 0x200000f4   Data       18819  ethernetif.o(.bss)
    DMARxDscrTab                             0x20004a78   Data         160  ethernetif.o(.bss)
    DMATxDscrTab                             0x20004b18   Data         160  ethernetif.o(.bss)
    heth                                     0x20004bb8   Data         176  ethernetif.o(.bss)
    TxConfig                                 0x20004c68   Data          56  ethernetif.o(.bss)
    LAN8742                                  0x20004ca0   Data          32  ethernetif.o(.bss)
    gnetif                                   0x20004cc0   Data          52  lwip.o(.bss)
    ip_data                                  0x20004cf4   Data          24  ip.o(.bss)
    ram_heap                                 0x20004d0c   Data        1619  mem.o(.bss)
    memp_memory_UDP_PCB_base                 0x2000535f   Data         131  memp.o(.bss)
    memp_memory_TCP_PCB_base                 0x200053e2   Data         783  memp.o(.bss)
    memp_memory_TCP_PCB_LISTEN_base          0x200056f1   Data         227  memp.o(.bss)
    memp_memory_TCP_SEG_base                 0x200057d4   Data         387  memp.o(.bss)
    memp_memory_REASSDATA_base               0x20005957   Data         163  memp.o(.bss)
    memp_memory_FRAG_PBUF_base               0x200059fa   Data         363  memp.o(.bss)
    memp_memory_SYS_TIMEOUT_base             0x20005b65   Data          51  memp.o(.bss)
    memp_memory_PBUF_base                    0x20005b98   Data         259  memp.o(.bss)
    memp_memory_PBUF_POOL_base               0x20005c9b   Data        8515  memp.o(.bss)
    __initial_sp                             0x2000bee0   Data           0  startup_stm32f407xx.o(STACK)



==============================================================================

Memory Map of the image

  Image Entry point : 0x08000189

  Load Region LR_IROM1 (Base: 0x08000000, Size: 0x0000bc30, Max: 0x00080000, ABSOLUTE)

    Execution Region ER_IROM1 (Exec base: 0x08000000, Load base: 0x08000000, Size: 0x0000bb3c, Max: 0x00080000, ABSOLUTE)

    Exec Addr    Load Addr    Size         Type   Attr      Idx    E Section Name        Object

    0x08000000   0x08000000   0x00000188   Data   RO            3    RESET               startup_stm32f407xx.o
    0x08000188   0x08000188   0x00000000   Code   RO         5908  * .ARM.Collect$$$$00000000  mc_w.l(entry.o)
    0x08000188   0x08000188   0x00000004   Code   RO         6223    .ARM.Collect$$$$00000001  mc_w.l(entry2.o)
    0x0800018c   0x0800018c   0x00000004   Code   RO         6226    .ARM.Collect$$$$00000004  mc_w.l(entry5.o)
    0x08000190   0x08000190   0x00000000   Code   RO         6228    .ARM.Collect$$$$00000008  mc_w.l(entry7b.o)
    0x08000190   0x08000190   0x00000000   Code   RO         6230    .ARM.Collect$$$$0000000A  mc_w.l(entry8b.o)
    0x08000190   0x08000190   0x00000008   Code   RO         6231    .ARM.Collect$$$$0000000B  mc_w.l(entry9a.o)
    0x08000198   0x08000198   0x00000004   Code   RO         6238    .ARM.Collect$$$$0000000E  mc_w.l(entry12b.o)
    0x0800019c   0x0800019c   0x00000000   Code   RO         6233    .ARM.Collect$$$$0000000F  mc_w.l(entry10a.o)
    0x0800019c   0x0800019c   0x00000000   Code   RO         6235    .ARM.Collect$$$$00000011  mc_w.l(entry11a.o)
    0x0800019c   0x0800019c   0x00000004   Code   RO         6224    .ARM.Collect$$$$00002712  mc_w.l(entry2.o)
    0x080001a0   0x080001a0   0x00000024   Code   RO            4    .text               startup_stm32f407xx.o
    0x080001c4   0x080001c4   0x00000062   Code   RO         5911    .text               mc_w.l(uldiv.o)
    0x08000226   0x08000226   0x00000002   PAD
    0x08000228   0x08000228   0x00000024   Code   RO         5941    .text               mc_w.l(rand.o)
    0x0800024c   0x0800024c   0x00000040   Code   RO         5946    .text               mc_w.l(memmovea.o)
    0x0800028c   0x0800028c   0x00000024   Code   RO         5948    .text               mc_w.l(memseta.o)
    0x080002b0   0x080002b0   0x0000001a   Code   RO         5952    .text               mc_w.l(memcmp.o)
    0x080002ca   0x080002ca   0x0000002c   Code   RO         6242    .text               mc_w.l(uidiv.o)
    0x080002f6   0x080002f6   0x0000001e   Code   RO         6244    .text               mc_w.l(llshl.o)
    0x08000314   0x08000314   0x00000020   Code   RO         6246    .text               mc_w.l(llushr.o)
    0x08000334   0x08000334   0x00000024   Code   RO         6268    .text               mc_w.l(init.o)
    0x08000358   0x08000358   0x00000000   Code   RO         6270    .text               mc_w.l(semi.o)
    0x08000358   0x08000358   0x00000000   Code   RO         6275    .text               mc_w.l(iusesemip.o)
    0x08000358   0x08000358   0x00000002   Code   RO          283    i.BusFault_Handler  stm32f4xx_it.o
    0x0800035a   0x0800035a   0x00000002   Code   RO          284    i.DebugMon_Handler  stm32f4xx_it.o
    0x0800035c   0x0800035c   0x0000006a   Code   RO         1875    i.ETH_DMARxDescListInit  stm32f4xx_hal_eth.o
    0x080003c6   0x080003c6   0x00000058   Code   RO         1876    i.ETH_DMATxDescListInit  stm32f4xx_hal_eth.o
    0x0800041e   0x0800041e   0x0000002e   Code   RO         1877    i.ETH_FlushTransmitFIFO  stm32f4xx_hal_eth.o
    0x0800044c   0x0800044c   0x0000002c   Code   RO         1878    i.ETH_MACAddressConfig  stm32f4xx_hal_eth.o
    0x08000478   0x08000478   0x0000009a   Code   RO         1879    i.ETH_MACDMAConfig  stm32f4xx_hal_eth.o
    0x08000512   0x08000512   0x00000004   Code   RO          382    i.ETH_PHY_IO_DeInit  ethernetif.o
    0x08000516   0x08000516   0x00000004   Code   RO          383    i.ETH_PHY_IO_GetTick  ethernetif.o
    0x0800051a   0x0800051a   0x00000002   PAD
    0x0800051c   0x0800051c   0x00000010   Code   RO          384    i.ETH_PHY_IO_Init   ethernetif.o
    0x0800052c   0x0800052c   0x00000020   Code   RO          385    i.ETH_PHY_IO_ReadReg  ethernetif.o
    0x0800054c   0x0800054c   0x00000020   Code   RO          386    i.ETH_PHY_IO_WriteReg  ethernetif.o
    0x0800056c   0x0800056c   0x00000174   Code   RO         1880    i.ETH_Prepare_Tx_Descriptors  stm32f4xx_hal_eth.o
    0x080006e0   0x080006e0   0x000000c0   Code   RO         1881    i.ETH_SetDMAConfig  stm32f4xx_hal_eth.o
    0x080007a0   0x080007a0   0x00000104   Code   RO         1882    i.ETH_SetMACConfig  stm32f4xx_hal_eth.o
    0x080008a4   0x080008a4   0x0000009c   Code   RO         1883    i.ETH_UpdateDescriptor  stm32f4xx_hal_eth.o
    0x08000940   0x08000940   0x00000004   Code   RO           13    i.Error_Handler     main.o
    0x08000944   0x08000944   0x00000028   Code   RO          528    i.Ethernet_Link_Periodic_Handle  lwip.o
    0x0800096c   0x0800096c   0x00000024   Code   RO         1624    i.HAL_Delay         stm32f4xx_hal.o
    0x08000990   0x08000990   0x000000de   Code   RO         1891    i.HAL_ETH_GetMACConfig  stm32f4xx_hal_eth.o
    0x08000a6e   0x08000a6e   0x00000002   PAD
    0x08000a70   0x08000a70   0x000000b8   Code   RO         1898    i.HAL_ETH_Init      stm32f4xx_hal_eth.o
    0x08000b28   0x08000b28   0x000000d8   Code   RO          388    i.HAL_ETH_MspInit   ethernetif.o
    0x08000c00   0x08000c00   0x000000ec   Code   RO         1902    i.HAL_ETH_ReadData  stm32f4xx_hal_eth.o
    0x08000cec   0x08000cec   0x00000060   Code   RO         1903    i.HAL_ETH_ReadPHYRegister  stm32f4xx_hal_eth.o
    0x08000d4c   0x08000d4c   0x00000048   Code   RO          389    i.HAL_ETH_RxAllocateCallback  ethernetif.o
    0x08000d94   0x08000d94   0x0000002e   Code   RO          390    i.HAL_ETH_RxLinkCallback  ethernetif.o
    0x08000dc2   0x08000dc2   0x0000001e   Code   RO         1913    i.HAL_ETH_SetMACConfig  stm32f4xx_hal_eth.o
    0x08000de0   0x08000de0   0x00000074   Code   RO         1915    i.HAL_ETH_SetMDIOClockRange  stm32f4xx_hal_eth.o
    0x08000e54   0x08000e54   0x0000007a   Code   RO         1919    i.HAL_ETH_Start     stm32f4xx_hal_eth.o
    0x08000ece   0x08000ece   0x00000072   Code   RO         1921    i.HAL_ETH_Stop      stm32f4xx_hal_eth.o
    0x08000f40   0x08000f40   0x000000c4   Code   RO         1923    i.HAL_ETH_Transmit  stm32f4xx_hal_eth.o
    0x08001004   0x08001004   0x00000058   Code   RO         1931    i.HAL_ETH_WritePHYRegister  stm32f4xx_hal_eth.o
    0x0800105c   0x0800105c   0x000001d0   Code   RO         1092    i.HAL_GPIO_Init     stm32f4xx_hal_gpio.o
    0x0800122c   0x0800122c   0x0000000e   Code   RO         1096    i.HAL_GPIO_WritePin  stm32f4xx_hal_gpio.o
    0x0800123a   0x0800123a   0x00000002   PAD
    0x0800123c   0x0800123c   0x0000000c   Code   RO         1630    i.HAL_GetTick       stm32f4xx_hal.o
    0x08001248   0x08001248   0x00000010   Code   RO         1636    i.HAL_IncTick       stm32f4xx_hal.o
    0x08001258   0x08001258   0x00000034   Code   RO         1637    i.HAL_Init          stm32f4xx_hal.o
    0x0800128c   0x0800128c   0x00000044   Code   RO         1638    i.HAL_InitTick      stm32f4xx_hal.o
    0x080012d0   0x080012d0   0x00000030   Code   RO          358    i.HAL_MspInit       stm32f4xx_hal_msp.o
    0x08001300   0x08001300   0x00000040   Code   RO         1488    i.HAL_NVIC_SetPriority  stm32f4xx_hal_cortex.o
    0x08001340   0x08001340   0x00000024   Code   RO         1489    i.HAL_NVIC_SetPriorityGrouping  stm32f4xx_hal_cortex.o
    0x08001364   0x08001364   0x0000014c   Code   RO          693    i.HAL_RCC_ClockConfig  stm32f4xx_hal_rcc.o
    0x080014b0   0x080014b0   0x0000000c   Code   RO          698    i.HAL_RCC_GetHCLKFreq  stm32f4xx_hal_rcc.o
    0x080014bc   0x080014bc   0x0000006c   Code   RO          702    i.HAL_RCC_GetSysClockFreq  stm32f4xx_hal_rcc.o
    0x08001528   0x08001528   0x000003c0   Code   RO          705    i.HAL_RCC_OscConfig  stm32f4xx_hal_rcc.o
    0x080018e8   0x080018e8   0x00000028   Code   RO         1493    i.HAL_SYSTICK_Config  stm32f4xx_hal_cortex.o
    0x08001910   0x08001910   0x00000002   Code   RO          285    i.HardFault_Handler  stm32f4xx_it.o
    0x08001912   0x08001912   0x000000ae   Code   RO          608    i.LAN8742_GetLinkState  lan8742.o
    0x080019c0   0x080019c0   0x000000d0   Code   RO          609    i.LAN8742_Init      lan8742.o
    0x08001a90   0x08001a90   0x0000002e   Code   RO          610    i.LAN8742_RegisterBusIO  lan8742.o
    0x08001abe   0x08001abe   0x00000002   PAD
    0x08001ac0   0x08001ac0   0x00000080   Code   RO          259    i.MX_GPIO_Init      gpio.o
    0x08001b40   0x08001b40   0x00000120   Code   RO          529    i.MX_LWIP_Init      lwip.o
    0x08001c60   0x08001c60   0x0000001c   Code   RO          530    i.MX_LWIP_Process   lwip.o
    0x08001c7c   0x08001c7c   0x00000002   Code   RO          286    i.MemManage_Handler  stm32f4xx_it.o
    0x08001c7e   0x08001c7e   0x00000002   Code   RO          287    i.NMI_Handler       stm32f4xx_it.o
    0x08001c80   0x08001c80   0x00000002   Code   RO          288    i.PendSV_Handler    stm32f4xx_it.o
    0x08001c82   0x08001c82   0x00000002   Code   RO          289    i.SVC_Handler       stm32f4xx_it.o
    0x08001c84   0x08001c84   0x00000004   Code   RO          290    i.SysTick_Handler   stm32f4xx_it.o
    0x08001c88   0x08001c88   0x00000098   Code   RO           14    i.SystemClock_Config  main.o
    0x08001d20   0x08001d20   0x00000010   Code   RO         2263    i.SystemInit        system_stm32f4xx.o
    0x08001d30   0x08001d30   0x00000002   Code   RO          291    i.UsageFault_Handler  stm32f4xx_it.o
    0x08001d32   0x08001d32   0x00000002   PAD
    0x08001d34   0x08001d34   0x00000020   Code   RO         6049    i.__0printf$3       mc_w.l(printf3.o)
    0x08001d54   0x08001d54   0x00000020   Code   RO         1495    i.__NVIC_SetPriority  stm32f4xx_hal_cortex.o
    0x08001d74   0x08001d74   0x0000000e   Code   RO         6282    i.__scatterload_copy  mc_w.l(handlers.o)
    0x08001d82   0x08001d82   0x00000002   Code   RO         6283    i.__scatterload_null  mc_w.l(handlers.o)
    0x08001d84   0x08001d84   0x0000000e   Code   RO         6284    i.__scatterload_zeroinit  mc_w.l(handlers.o)
    0x08001d92   0x08001d92   0x00000002   PAD
    0x08001d94   0x08001d94   0x000001b8   Code   RO         6056    i._printf_core      mc_w.l(printf3.o)
    0x08001f4c   0x08001f4c   0x0000009c   Code   RO         3639    i.do_memp_free_pool  memp.o
    0x08001fe8   0x08001fe8   0x000000a4   Code   RO         3640    i.do_memp_malloc_pool  memp.o
    0x0800208c   0x0800208c   0x0000002c   Code   RO         5111    i.etharp_cleanup_netif  etharp.o
    0x080020b8   0x080020b8   0x0000026c   Code   RO         5113    i.etharp_find_entry  etharp.o
    0x08002324   0x08002324   0x00000028   Code   RO         5114    i.etharp_free_entry  etharp.o
    0x0800234c   0x0800234c   0x00000118   Code   RO         5116    i.etharp_input      etharp.o
    0x08002464   0x08002464   0x000001bc   Code   RO         5117    i.etharp_output     etharp.o
    0x08002620   0x08002620   0x00000118   Code   RO         5118    i.etharp_output_to_arp_index  etharp.o
    0x08002738   0x08002738   0x000001f8   Code   RO         5119    i.etharp_query      etharp.o
    0x08002930   0x08002930   0x00000174   Code   RO         5120    i.etharp_raw        etharp.o
    0x08002aa4   0x08002aa4   0x0000000c   Code   RO         5121    i.etharp_request    etharp.o
    0x08002ab0   0x08002ab0   0x00000020   Code   RO         5122    i.etharp_request_dst  etharp.o
    0x08002ad0   0x08002ad0   0x00000060   Code   RO         5123    i.etharp_tmr        etharp.o
    0x08002b30   0x08002b30   0x0000011c   Code   RO         5124    i.etharp_update_arp_entry  etharp.o
    0x08002c4c   0x08002c4c   0x000000a8   Code   RO         2869    i.ethernet_input    ethernet.o
    0x08002cf4   0x08002cf4   0x000000ac   Code   RO          392    i.ethernet_link_check_state  ethernetif.o
    0x08002da0   0x08002da0   0x00000002   Code   RO          531    i.ethernet_link_status_updated  lwip.o
    0x08002da2   0x08002da2   0x00000002   PAD
    0x08002da4   0x08002da4   0x000000f4   Code   RO         2870    i.ethernet_output   ethernet.o
    0x08002e98   0x08002e98   0x00000090   Code   RO          393    i.ethernetif_init   ethernetif.o
    0x08002f28   0x08002f28   0x00000024   Code   RO          394    i.ethernetif_input  ethernetif.o
    0x08002f4c   0x08002f4c   0x00000012   Code   RO         6239    i.fputc             mc_w.l(fputc.o)
    0x08002f5e   0x08002f5e   0x00000008   Code   RO         5214    i.icmp_dest_unreach  icmp.o
    0x08002f66   0x08002f66   0x00000002   PAD
    0x08002f68   0x08002f68   0x00000210   Code   RO         5215    i.icmp_input        icmp.o
    0x08003178   0x08003178   0x00000110   Code   RO         5216    i.icmp_send_response  icmp.o
    0x08003288   0x08003288   0x00000008   Code   RO         5217    i.icmp_time_exceeded  icmp.o
    0x08003290   0x08003290   0x00000040   Code   RO         5335    i.ip4_addr_isbroadcast_u32  ip4_addr.o
    0x080032d0   0x080032d0   0x00000274   Code   RO         5404    i.ip4_frag          ip4_frag.o
    0x08003544   0x08003544   0x00000198   Code   RO         5280    i.ip4_input         ip4.o
    0x080036dc   0x080036dc   0x0000002c   Code   RO         5281    i.ip4_input_accept  ip4.o
    0x08003708   0x08003708   0x00000022   Code   RO         5283    i.ip4_output_if     ip4.o
    0x0800372a   0x0800372a   0x00000002   PAD
    0x0800372c   0x0800372c   0x0000017c   Code   RO         5284    i.ip4_output_if_src  ip4.o
    0x080038a8   0x080038a8   0x00000254   Code   RO         5405    i.ip4_reass         ip4_frag.o
    0x08003afc   0x08003afc   0x00000060   Code   RO         5285    i.ip4_route         ip4.o
    0x08003b5c   0x08003b5c   0x00000006   Code   RO         5406    i.ip_frag_alloc_pbuf_custom_ref  ip4_frag.o
    0x08003b62   0x08003b62   0x00000002   PAD
    0x08003b64   0x08003b64   0x00000094   Code   RO         5407    i.ip_frag_free_pbuf_custom_ref  ip4_frag.o
    0x08003bf8   0x08003bf8   0x00000270   Code   RO         5408    i.ip_reass_chain_frag_into_datagram_and_validate  ip4_frag.o
    0x08003e68   0x08003e68   0x000000bc   Code   RO         5409    i.ip_reass_dequeue_datagram  ip4_frag.o
    0x08003f24   0x08003f24   0x00000054   Code   RO         5410    i.ip_reass_enqueue_new_datagram  ip4_frag.o
    0x08003f78   0x08003f78   0x000001a0   Code   RO         5411    i.ip_reass_free_complete_datagram  ip4_frag.o
    0x08004118   0x08004118   0x00000088   Code   RO         5412    i.ip_reass_remove_oldest_datagram  ip4_frag.o
    0x080041a0   0x080041a0   0x0000002c   Code   RO         5413    i.ip_reass_tmr      ip4_frag.o
    0x080041cc   0x080041cc   0x00000098   Code   RO         5414    i.ipfrag_free_pbuf_custom  ip4_frag.o
    0x08004264   0x08004264   0x000000ec   Code   RO          395    i.low_level_init    ethernetif.o
    0x08004350   0x08004350   0x00000024   Code   RO          396    i.low_level_input   ethernetif.o
    0x08004374   0x08004374   0x00000078   Code   RO          397    i.low_level_output  ethernetif.o
    0x080043ec   0x080043ec   0x00000040   Code   RO         4856    i.lwip_cyclic_timer  timeouts.o
    0x0800442c   0x0800442c   0x00000018   Code   RO         3300    i.lwip_htonl        def.o
    0x08004444   0x08004444   0x0000000a   Code   RO         3301    i.lwip_htons        def.o
    0x0800444e   0x0800444e   0x0000001e   Code   RO         3452    i.lwip_init         init.o
    0x0800446c   0x0800446c   0x00000016   Code   RO           15    i.main              main.o
    0x08004482   0x08004482   0x00000002   PAD
    0x08004484   0x08004484   0x00000184   Code   RO         3561    i.mem_free          mem.o
    0x08004608   0x08004608   0x00000038   Code   RO         3562    i.mem_init          mem.o
    0x08004640   0x08004640   0x00000050   Code   RO         3563    i.mem_link_valid    mem.o
    0x08004690   0x08004690   0x0000024c   Code   RO         3564    i.mem_malloc        mem.o
    0x080048dc   0x080048dc   0x00000010   Code   RO         3565    i.mem_to_ptr        mem.o
    0x080048ec   0x080048ec   0x000001ec   Code   RO         3566    i.mem_trim          mem.o
    0x08004ad8   0x08004ad8   0x0000009c   Code   RO         3641    i.memp_free         memp.o
    0x08004b74   0x08004b74   0x0000009c   Code   RO         3642    i.memp_free_pool    memp.o
    0x08004c10   0x08004c10   0x0000001c   Code   RO         3643    i.memp_init         memp.o
    0x08004c2c   0x08004c2c   0x0000002a   Code   RO         3644    i.memp_init_pool    memp.o
    0x08004c56   0x08004c56   0x00000002   PAD
    0x08004c58   0x08004c58   0x000000a4   Code   RO         3645    i.memp_malloc       memp.o
    0x08004cfc   0x08004cfc   0x00000094   Code   RO         3646    i.memp_malloc_pool  memp.o
    0x08004d90   0x08004d90   0x000001ec   Code   RO         3773    i.netif_add         netif.o
    0x08004f7c   0x08004f7c   0x0000001a   Code   RO         3775    i.netif_do_ip_addr_changed  netif.o
    0x08004f96   0x08004f96   0x00000016   Code   RO         3776    i.netif_do_set_gw   netif.o
    0x08004fac   0x08004fac   0x000000c8   Code   RO         3777    i.netif_do_set_ipaddr  netif.o
    0x08005074   0x08005074   0x00000016   Code   RO         3778    i.netif_do_set_netmask  netif.o
    0x0800508a   0x0800508a   0x00000002   PAD
    0x0800508c   0x0800508c   0x00000028   Code   RO         3780    i.netif_get_by_index  netif.o
    0x080050b4   0x080050b4   0x00000002   Code   RO         3782    i.netif_init        netif.o
    0x080050b6   0x080050b6   0x00000002   PAD
    0x080050b8   0x080050b8   0x000000c0   Code   RO         3784    i.netif_issue_reports  netif.o
    0x08005178   0x08005178   0x00000006   Code   RO         3786    i.netif_null_output_ip4  netif.o
    0x0800517e   0x0800517e   0x00000002   PAD
    0x08005180   0x08005180   0x00000064   Code   RO         3788    i.netif_set_addr    netif.o
    0x080051e4   0x080051e4   0x0000000c   Code   RO         3789    i.netif_set_default  netif.o
    0x080051f0   0x080051f0   0x000000a8   Code   RO         3790    i.netif_set_down    netif.o
    0x08005298   0x08005298   0x00000008   Code   RO         3793    i.netif_set_link_callback  netif.o
    0x080052a0   0x080052a0   0x000000ac   Code   RO         3794    i.netif_set_link_down  netif.o
    0x0800534c   0x0800534c   0x000000c4   Code   RO         3795    i.netif_set_link_up  netif.o
    0x08005410   0x08005410   0x000000a4   Code   RO         3797    i.netif_set_up      netif.o
    0x080054b4   0x080054b4   0x00000006   Code   RO         3962    i.pbuf_add_header   pbuf.o
    0x080054ba   0x080054ba   0x00000002   PAD
    0x080054bc   0x080054bc   0x000000d0   Code   RO         3964    i.pbuf_add_header_impl  pbuf.o
    0x0800558c   0x0800558c   0x0000023c   Code   RO         3965    i.pbuf_alloc        pbuf.o
    0x080057c8   0x080057c8   0x000000b4   Code   RO         3966    i.pbuf_alloc_reference  pbuf.o
    0x0800587c   0x0800587c   0x00000036   Code   RO         3967    i.pbuf_alloced_custom  pbuf.o
    0x080058b2   0x080058b2   0x00000002   PAD
    0x080058b4   0x080058b4   0x00000134   Code   RO         3968    i.pbuf_cat          pbuf.o
    0x080059e8   0x080059e8   0x00000012   Code   RO         3970    i.pbuf_clen         pbuf.o
    0x080059fa   0x080059fa   0x00000002   PAD
    0x080059fc   0x080059fc   0x000000a0   Code   RO         3971    i.pbuf_clone        pbuf.o
    0x08005a9c   0x08005a9c   0x000001ec   Code   RO         3973    i.pbuf_copy         pbuf.o
    0x08005c88   0x08005c88   0x00000124   Code   RO         3974    i.pbuf_copy_partial  pbuf.o
    0x08005dac   0x08005dac   0x0000015c   Code   RO         3976    i.pbuf_free         pbuf.o
    0x08005f08   0x08005f08   0x00000020   Code   RO          398    i.pbuf_free_custom  ethernetif.o
    0x08005f28   0x08005f28   0x00000024   Code   RO         3978    i.pbuf_free_ooseq   pbuf.o
    0x08005f4c   0x08005f4c   0x00000006   Code   RO         3982    i.pbuf_header_force  pbuf.o
    0x08005f52   0x08005f52   0x0000000e   Code   RO         3983    i.pbuf_header_impl  pbuf.o
    0x08005f60   0x08005f60   0x0000001c   Code   RO         3984    i.pbuf_init_alloced_pbuf  pbuf.o
    0x08005f7c   0x08005f7c   0x0000000c   Code   RO         3987    i.pbuf_pool_is_empty  pbuf.o
    0x08005f88   0x08005f88   0x00000134   Code   RO         3989    i.pbuf_realloc      pbuf.o
    0x080060bc   0x080060bc   0x0000008c   Code   RO         3990    i.pbuf_ref          pbuf.o
    0x08006148   0x08006148   0x000000e0   Code   RO         3991    i.pbuf_remove_header  pbuf.o
    0x08006228   0x08006228   0x000001a0   Code   RO         3567    i.plug_holes        mem.o
    0x080063c8   0x080063c8   0x0000000c   Code   RO         3568    i.ptr_to_mem        mem.o
    0x080063d4   0x080063d4   0x00000050   Code   RO         4857    i.sys_check_timeouts  timeouts.o
    0x08006424   0x08006424   0x00000004   Code   RO          399    i.sys_now           ethernetif.o
    0x08006428   0x08006428   0x000000c4   Code   RO         4859    i.sys_timeout       timeouts.o
    0x080064ec   0x080064ec   0x00000104   Code   RO         4860    i.sys_timeout_abs   timeouts.o
    0x080065f0   0x080065f0   0x00000024   Code   RO         4861    i.sys_timeouts_init  timeouts.o
    0x08006614   0x08006614   0x000001b0   Code   RO         4266    i.tcp_abandon       tcp.o
    0x080067c4   0x080067c4   0x00000006   Code   RO         4267    i.tcp_abort         tcp.o
    0x080067ca   0x080067ca   0x00000002   PAD
    0x080067cc   0x080067cc   0x000000ac   Code   RO         4270    i.tcp_alloc         tcp.o
    0x08006878   0x08006878   0x000000a4   Code   RO         4274    i.tcp_close         tcp.o
    0x0800691c   0x0800691c   0x000001b8   Code   RO         4275    i.tcp_close_shutdown  tcp.o
    0x08006ad4   0x08006ad4   0x000000d8   Code   RO         4276    i.tcp_close_shutdown_fin  tcp.o
    0x08006bac   0x08006bac   0x0000018c   Code   RO         4696    i.tcp_create_segment  tcp_out.o
    0x08006d38   0x08006d38   0x000000bc   Code   RO         4279    i.tcp_eff_send_mss_netif  tcp.o
    0x08006df4   0x08006df4   0x0000024c   Code   RO         4697    i.tcp_enqueue_flags  tcp_out.o
    0x08007040   0x08007040   0x0000006c   Code   RO         4281    i.tcp_fasttmr       tcp.o
    0x080070ac   0x080070ac   0x00000090   Code   RO         4282    i.tcp_free          tcp.o
    0x0800713c   0x0800713c   0x00000144   Code   RO         4607    i.tcp_free_acked_segments  tcp_in.o
    0x08007280   0x08007280   0x00000098   Code   RO         4283    i.tcp_free_listen   tcp.o
    0x08007318   0x08007318   0x00000014   Code   RO         4284    i.tcp_free_ooseq    tcp.o
    0x0800732c   0x0800732c   0x00000028   Code   RO         4608    i.tcp_get_next_optbyte  tcp_in.o
    0x08007354   0x08007354   0x00000028   Code   RO         4285    i.tcp_handle_closepend  tcp.o
    0x0800737c   0x0800737c   0x00000018   Code   RO         4286    i.tcp_init          tcp.o
    0x08007394   0x08007394   0x000006ac   Code   RO         4609    i.tcp_input         tcp_in.o
    0x08007a40   0x08007a40   0x000000d4   Code   RO         4610    i.tcp_input_delayed_close  tcp_in.o
    0x08007b14   0x08007b14   0x000000cc   Code   RO         4698    i.tcp_keepalive     tcp_out.o
    0x08007be0   0x08007be0   0x00000050   Code   RO         4287    i.tcp_kill_prio     tcp.o
    0x08007c30   0x08007c30   0x000000bc   Code   RO         4288    i.tcp_kill_state    tcp.o
    0x08007cec   0x08007cec   0x00000034   Code   RO         4289    i.tcp_kill_timewait  tcp.o
    0x08007d20   0x08007d20   0x000000c4   Code   RO         4290    i.tcp_listen_closed  tcp.o
    0x08007de4   0x08007de4   0x00000198   Code   RO         4611    i.tcp_listen_input  tcp_in.o
    0x08007f7c   0x08007f7c   0x0000004c   Code   RO         4293    i.tcp_netif_ip_addr_changed  tcp.o
    0x08007fc8   0x08007fc8   0x000000c4   Code   RO         4294    i.tcp_netif_ip_addr_changed_pcblist  tcp.o
    0x0800808c   0x0800808c   0x00000098   Code   RO         4298    i.tcp_next_iss      tcp.o
    0x08008124   0x08008124   0x00000114   Code   RO         4612    i.tcp_oos_insert_segment  tcp_in.o
    0x08008238   0x08008238   0x000002f8   Code   RO         4699    i.tcp_output        tcp_out.o
    0x08008530   0x08008530   0x000000d0   Code   RO         4700    i.tcp_output_alloc_header  tcp_out.o
    0x08008600   0x08008600   0x00000114   Code   RO         4701    i.tcp_output_alloc_header_common  tcp_out.o
    0x08008714   0x08008714   0x000000e0   Code   RO         4702    i.tcp_output_control_segment  tcp_out.o
    0x080087f4   0x080087f4   0x000000dc   Code   RO         4703    i.tcp_output_fill_options  tcp_out.o
    0x080088d0   0x080088d0   0x000001e4   Code   RO         4704    i.tcp_output_segment  tcp_out.o
    0x08008ab4   0x08008ab4   0x000000ac   Code   RO         4705    i.tcp_output_segment_busy  tcp_out.o
    0x08008b60   0x08008b60   0x000000fc   Code   RO         4613    i.tcp_parseopt      tcp_in.o
    0x08008c5c   0x08008c5c   0x000000d0   Code   RO         4299    i.tcp_pcb_purge     tcp.o
    0x08008d2c   0x08008d2c   0x00000190   Code   RO         4300    i.tcp_pcb_remove    tcp.o
    0x08008ebc   0x08008ebc   0x0000058e   Code   RO         4614    i.tcp_process       tcp_in.o
    0x0800944a   0x0800944a   0x00000002   PAD
    0x0800944c   0x0800944c   0x0000010c   Code   RO         4302    i.tcp_process_refused_data  tcp.o
    0x08009558   0x08009558   0x00000990   Code   RO         4615    i.tcp_receive       tcp_in.o
    0x08009ee8   0x08009ee8   0x000000b4   Code   RO         4304    i.tcp_recv_null     tcp.o
    0x08009f9c   0x08009f9c   0x00000104   Code   RO         4305    i.tcp_recved        tcp.o
    0x0800a0a0   0x0800a0a0   0x000000ac   Code   RO         4306    i.tcp_remove_listener  tcp.o
    0x0800a14c   0x0800a14c   0x000000f0   Code   RO         4707    i.tcp_rexmit        tcp_out.o
    0x0800a23c   0x0800a23c   0x000000ec   Code   RO         4708    i.tcp_rexmit_fast   tcp_out.o
    0x0800a328   0x0800a328   0x000000a4   Code   RO         4709    i.tcp_rexmit_rto    tcp_out.o
    0x0800a3cc   0x0800a3cc   0x000000b0   Code   RO         4710    i.tcp_rexmit_rto_commit  tcp_out.o
    0x0800a47c   0x0800a47c   0x00000104   Code   RO         4711    i.tcp_rexmit_rto_prepare  tcp_out.o
    0x0800a580   0x0800a580   0x00000012   Code   RO         4712    i.tcp_route         tcp_out.o
    0x0800a592   0x0800a592   0x00000002   PAD
    0x0800a594   0x0800a594   0x00000114   Code   RO         4713    i.tcp_rst           tcp_out.o
    0x0800a6a8   0x0800a6a8   0x000000ac   Code   RO         4307    i.tcp_seg_copy      tcp.o
    0x0800a754   0x0800a754   0x0000001e   Code   RO         4308    i.tcp_seg_free      tcp.o
    0x0800a772   0x0800a772   0x00000012   Code   RO         4309    i.tcp_segs_free     tcp.o
    0x0800a784   0x0800a784   0x000000f0   Code   RO         4714    i.tcp_send_empty_ack  tcp_out.o
    0x0800a874   0x0800a874   0x000000d0   Code   RO         4715    i.tcp_send_fin      tcp_out.o
    0x0800a944   0x0800a944   0x00000600   Code   RO         4313    i.tcp_slowtmr       tcp.o
    0x0800af44   0x0800af44   0x00000238   Code   RO         4716    i.tcp_split_unsent_seg  tcp_out.o
    0x0800b17c   0x0800b17c   0x00000034   Code   RO         4864    i.tcp_timer_needed  timeouts.o
    0x0800b1b0   0x0800b1b0   0x00000100   Code   RO         4616    i.tcp_timewait_input  tcp_in.o
    0x0800b2b0   0x0800b2b0   0x00000020   Code   RO         4315    i.tcp_tmr           tcp.o
    0x0800b2d0   0x0800b2d0   0x00000010   Code   RO         4617    i.tcp_trigger_input_pcb_close  tcp_in.o
    0x0800b2e0   0x0800b2e0   0x000000f8   Code   RO         4317    i.tcp_update_rcv_ann_wnd  tcp.o
    0x0800b3d8   0x0800b3d8   0x00000150   Code   RO         4719    i.tcp_zero_window_probe  tcp_out.o
    0x0800b528   0x0800b528   0x00000038   Code   RO         4865    i.tcpip_tcp_timer   timeouts.o
    0x0800b560   0x0800b560   0x00000018   Code   RO         4949    i.udp_init          udp.o
    0x0800b578   0x0800b578   0x0000021c   Code   RO         4950    i.udp_input         udp.o
    0x0800b794   0x0800b794   0x00000118   Code   RO         4951    i.udp_input_local_match  udp.o
    0x0800b8ac   0x0800b8ac   0x00000034   Code   RO         4952    i.udp_netif_ip_addr_changed  udp.o
    0x0800b8e0   0x0800b8e0   0x0000000c   Data   RO          402    .constdata          ethernetif.o
    0x0800b8ec   0x0800b8ec   0x00000010   Data   RO         2264    .constdata          system_stm32f4xx.o
    0x0800b8fc   0x0800b8fc   0x00000006   Data   RO         2871    .constdata          ethernet.o
    0x0800b902   0x0800b902   0x00000006   Data   RO         2872    .constdata          ethernet.o
    0x0800b908   0x0800b908   0x0000000c   Data   RO         3656    .constdata          memp.o
    0x0800b914   0x0800b914   0x0000000c   Data   RO         3657    .constdata          memp.o
    0x0800b920   0x0800b920   0x0000000c   Data   RO         3658    .constdata          memp.o
    0x0800b92c   0x0800b92c   0x0000000c   Data   RO         3659    .constdata          memp.o
    0x0800b938   0x0800b938   0x0000000c   Data   RO         3660    .constdata          memp.o
    0x0800b944   0x0800b944   0x0000000c   Data   RO         3661    .constdata          memp.o
    0x0800b950   0x0800b950   0x0000000c   Data   RO         3662    .constdata          memp.o
    0x0800b95c   0x0800b95c   0x0000000c   Data   RO         3663    .constdata          memp.o
    0x0800b968   0x0800b968   0x0000000c   Data   RO         3664    .constdata          memp.o
    0x0800b974   0x0800b974   0x00000024   Data   RO         3665    .constdata          memp.o
    0x0800b998   0x0800b998   0x00000054   Data   RO         4318    .constdata          tcp.o
    0x0800b9ec   0x0800b9ec   0x00000018   Data   RO         4866    .constdata          timeouts.o
    0x0800ba04   0x0800ba04   0x00000004   Data   RO         5342    .constdata          ip4_addr.o
    0x0800ba08   0x0800ba08   0x00000075   Data   RO         4319    .conststring        tcp.o
    0x0800ba7d   0x0800ba7d   0x00000003   PAD
    0x0800ba80   0x0800ba80   0x00000055   Data   RO         4720    .conststring        tcp_out.o
    0x0800bad5   0x0800bad5   0x00000003   PAD
    0x0800bad8   0x0800bad8   0x00000041   Data   RO         5126    .conststring        etharp.o
    0x0800bb19   0x0800bb19   0x00000003   PAD
    0x0800bb1c   0x0800bb1c   0x00000020   Data   RO         6280    Region$$Table       anon$$obj.o


    Execution Region RW_IRAM1 (Exec base: 0x20000000, Load base: 0x0800bb3c, Size: 0x0000bee0, Max: 0x0001c000, ABSOLUTE)

    Exec Addr    Load Addr    Size         Type   Attr      Idx    E Section Name        Object

    0x20000000   0x0800bb3c   0x00000018   Data   RW          403    .data               ethernetif.o
    0x20000018   0x0800bb54   0x00000004   Data   RW          404    .data               ethernetif.o
    0x2000001c   0x0800bb58   0x0000001c   Data   RW          537    .data               lwip.o
    0x20000038   0x0800bb74   0x0000000c   Data   RW         1644    .data               stm32f4xx_hal.o
    0x20000044   0x0800bb80   0x00000004   Data   RW         2266    .data               system_stm32f4xx.o
    0x20000048   0x0800bb84   0x0000000c   Data   RW         3570    .data               mem.o
    0x20000054   0x0800bb90   0x00000004   Data   RW         3666    .data               memp.o
    0x20000058   0x0800bb94   0x00000004   Data   RW         3667    .data               memp.o
    0x2000005c   0x0800bb98   0x00000004   Data   RW         3668    .data               memp.o
    0x20000060   0x0800bb9c   0x00000004   Data   RW         3669    .data               memp.o
    0x20000064   0x0800bba0   0x00000004   Data   RW         3670    .data               memp.o
    0x20000068   0x0800bba4   0x00000004   Data   RW         3671    .data               memp.o
    0x2000006c   0x0800bba8   0x00000004   Data   RW         3672    .data               memp.o
    0x20000070   0x0800bbac   0x00000004   Data   RW         3673    .data               memp.o
    0x20000074   0x0800bbb0   0x00000004   Data   RW         3674    .data               memp.o
    0x20000078   0x0800bbb4   0x0000000c   Data   RW         3798    .data               netif.o
    0x20000084   0x0800bbc0   0x00000001   Data   RW         3998    .data               pbuf.o
    0x20000085   0x0800bbc1   0x00000003   PAD
    0x20000088   0x0800bbc4   0x00000020   Data   RW         4320    .data               tcp.o
    0x200000a8   0x0800bbe4   0x00000024   Data   RW         4619    .data               tcp_in.o
    0x200000cc   0x0800bc08   0x0000000c   Data   RW         4868    .data               timeouts.o
    0x200000d8   0x0800bc14   0x00000008   Data   RW         4962    .data               udp.o
    0x200000e0   0x0800bc1c   0x00000001   Data   RW         5127    .data               etharp.o
    0x200000e1   0x0800bc1d   0x00000001   PAD
    0x200000e2   0x0800bc1e   0x00000002   Data   RW         5286    .data               ip4.o
    0x200000e4   0x0800bc20   0x00000008   Data   RW         5415    .data               ip4_frag.o
    0x200000ec   0x0800bc28   0x00000004   Data   RW         5942    .data               mc_w.l(rand.o)
    0x200000f0   0x0800bc2c   0x00000004   Data   RW         6241    .data               mc_w.l(stdout.o)
    0x200000f4        -       0x00004983   Zero   RW          400    .bss                ethernetif.o
    0x20004a77   0x0800bc30   0x00000001   PAD
    0x20004a78        -       0x00000248   Zero   RW          401    .bss                ethernetif.o
    0x20004cc0        -       0x00000034   Zero   RW          536    .bss                lwip.o
    0x20004cf4        -       0x00000018   Zero   RW         3529    .bss                ip.o
    0x20004d0c        -       0x00000653   Zero   RW         3569    .bss                mem.o
    0x2000535f        -       0x00000083   Zero   RW         3647    .bss                memp.o
    0x200053e2        -       0x0000030f   Zero   RW         3648    .bss                memp.o
    0x200056f1        -       0x000000e3   Zero   RW         3649    .bss                memp.o
    0x200057d4        -       0x00000183   Zero   RW         3650    .bss                memp.o
    0x20005957        -       0x000000a3   Zero   RW         3651    .bss                memp.o
    0x200059fa        -       0x0000016b   Zero   RW         3652    .bss                memp.o
    0x20005b65        -       0x00000033   Zero   RW         3653    .bss                memp.o
    0x20005b98        -       0x00000103   Zero   RW         3654    .bss                memp.o
    0x20005c9b        -       0x00002143   Zero   RW         3655    .bss                memp.o
    0x20007dde   0x0800bc30   0x00000002   PAD
    0x20007de0        -       0x00000010   Zero   RW         4618    .bss                tcp_in.o
    0x20007df0        -       0x000000f0   Zero   RW         5125    .bss                etharp.o
    0x20007ee0        -       0x00004000   Zero   RW            1    STACK               startup_stm32f407xx.o


    Execution Region RW_IRAM2 (Exec base: 0x2001c000, Load base: 0x0800bc30, Size: 0x00000000, Max: 0x00004000, ABSOLUTE)

    **** No section assigned to this execution region ****


==============================================================================

Image component sizes


      Code (inc. data)   RO Data    RW Data    ZI Data      Debug   Object Name

         0          0          0          0          0       2200   auth.o
         0          0          0          0          0       2118   bridgeif.o
         0          0          0          0          0        388   bridgeif_fdb.o
        34          0          0          0          0       1138   def.o
      3008       1184         65          1        240      12919   etharp.o
       412        152         12          0          0       2830   ethernet.o
      1202        190         12         28      19403      20998   ethernetif.o
       128         10          0          0          0        983   gpio.o
       816        350          0          0          0       4710   icmp.o
        30          0          0          0          0       4164   init.o
         0          0          0          0         24       7833   ip.o
       962        182          0          2          0       5896   ip4.o
        64          0          4          0          0       8782   ip4_addr.o
      3022       1168          0          8          0      13346   ip4_frag.o
       428          0          0          0          0       3182   lan8742.o
       358         30          0         28         52       3085   lwip.o
       178         10          0          0          0     685405   main.o
      2048        930          0         12       1619       8309   mem.o
      1014        716        144         36      10879      11762   memp.o
      1822        994          0         12          0      16466   netif.o
      3406       1794          0          1          0      28210   pbuf.o
        36          8        392          0      16384        852   startup_stm32f407xx.o
       184         28          0         12          0       9533   stm32f4xx_hal.o
       172         14          0          0          0      33302   stm32f4xx_hal_cortex.o
      2822         66          0          0          0      18627   stm32f4xx_hal_eth.o
       478         44          0          0          0       2352   stm32f4xx_hal_gpio.o
        48          6          0          0          0        878   stm32f4xx_hal_msp.o
      1412         60          0          0          0       5238   stm32f4xx_hal_rcc.o
        20          0          0          0          0       4298   stm32f4xx_it.o
        16          4         16          4          0       1175   system_stm32f4xx.o
      6570       3164        201         32          0      40659   tcp.o
      7362       2030          0         36         16      23579   tcp_in.o
      6254       3040         85          0          0      29966   tcp_out.o
       744        370         24         12          0       6962   timeouts.o
       896        352          0          8          0       6062   udp.o

    ----------------------------------------------------------------------
     45986      16896        996        236      48620    1028207   Object Totals
         0          0         32          0          0          0   (incl. Generated)
        40          0          9          4          3          0   (incl. Padding)

    ----------------------------------------------------------------------

      Code (inc. data)   RO Data    RW Data    ZI Data      Debug   Library Member Name

         0          0          0          0          0          0   entry.o
         0          0          0          0          0          0   entry10a.o
         0          0          0          0          0          0   entry11a.o
         4          0          0          0          0          0   entry12b.o
         8          4          0          0          0          0   entry2.o
         4          0          0          0          0          0   entry5.o
         0          0          0          0          0          0   entry7b.o
         0          0          0          0          0          0   entry8b.o
         8          4          0          0          0          0   entry9a.o
        18          0          0          0          0         80   fputc.o
        30          0          0          0          0          0   handlers.o
        36          8          0          0          0         68   init.o
         0          0          0          0          0          0   iusesemip.o
        30          0          0          0          0         68   llshl.o
        32          0          0          0          0         68   llushr.o
        26          0          0          0          0         80   memcmp.o
        64          0          0          0          0         76   memmovea.o
        36          0          0          0          0        108   memseta.o
       472         14          0          0          0        184   printf3.o
        36         10          0          4          0        136   rand.o
         0          0          0          0          0          0   semi.o
         0          0          0          4          0          0   stdout.o
        44          0          0          0          0         80   uidiv.o
        98          0          0          0          0         92   uldiv.o

    ----------------------------------------------------------------------
       950         40          0          8          0       1040   Library Totals
         4          0          0          0          0          0   (incl. Padding)

    ----------------------------------------------------------------------

      Code (inc. data)   RO Data    RW Data    ZI Data      Debug   Library Name

       946         40          0          8          0       1040   mc_w.l

    ----------------------------------------------------------------------
       950         40          0          8          0       1040   Library Totals

    ----------------------------------------------------------------------

==============================================================================


      Code (inc. data)   RO Data    RW Data    ZI Data      Debug   

     46936      16936        996        244      48620    1006135   Grand Totals
     46936      16936        996        244      48620    1006135   ELF Image Totals
     46936      16936        996        244          0          0   ROM Totals

==============================================================================

    Total RO  Size (Code + RO Data)                47932 (  46.81kB)
    Total RW  Size (RW Data + ZI Data)             48864 (  47.72kB)
    Total ROM Size (Code + RO Data + RW Data)      48176 (  47.05kB)

==============================================================================

